Pipeline runner using interpreter: C:\Users\maaji\Desktop\technical-debt\venv\Scripts\python.exe
Logs dir: results\run_logs
Will run 10 stage(s): ['5', '6', '7', '7b', '7c', '7d', '7e', '8', '9', '10']

==============================================================================
[Stage 5] Engineer static, historical, graph, prior-defect features
  script: scripts/05_features.py
  log:    results\run_logs\stage5.log
==============================================================================
[Stage 5] Eligible projects: 22
[Stage 5] Parallel workers (STAGE5_N_JOBS): 11
[Stage 5] Loading cleaned parquets ...
   commits        :    103,905
   changes        :    526,035
   sonar_issues   :    680,794
   sonar_measures :     54,345
   szz            :     49,202
   jira           :     58,085
[Stage 5] Pre-slicing data per project ...
   queued org.apache:archiva                  (snapshot=2012-01-05, pre-snap changes=25,430)
   queued org.apache:batik                    (snapshot=2001-12-14, pre-snap changes=53,436)
   queued org.apache:bcel                     (snapshot=2015-08-16, pre-snap changes=11,624)
   queued org.apache:cayenne                  (snapshot=2012-12-04, pre-snap changes=49,841)
   queued org.apache:cocoon                   (snapshot=2005-03-19, pre-snap changes=85,635)
   queued org.apache:codec                    (snapshot=2012-08-27, pre-snap changes=4,062)
   queued org.apache:commons-cli              (snapshot=2008-11-10, pre-snap changes=2,320)
   queued org.apache:commons-fileupload       (snapshot=2013-03-11, pre-snap changes=1,495)
   queued org.apache:commons-jelly            (snapshot=2003-02-07, pre-snap changes=6,557)
   queued org.apache:commons-jexl             (snapshot=2009-12-11, pre-snap changes=4,991)
   queued org.apache:configuration            (snapshot=2013-06-01, pre-snap changes=9,168)
   queued org.apache:daemon                   (snapshot=2010-10-02, pre-snap changes=290)
   queued org.apache:dbcp                     (snapshot=2014-02-07, pre-snap changes=5,133)
   queued org.apache:digester                 (snapshot=2011-02-19, pre-snap changes=6,663)
   queued org.apache:felix                    (snapshot=2011-06-29, pre-snap changes=89,103)
   queued org.apache:hive                     (snapshot=2015-12-20, pre-snap changes=95,510)
   queued org.apache:httpclient               (snapshot=2012-06-07, pre-snap changes=19,692)
   queued org.apache:httpcore                 (snapshot=2012-01-17, pre-snap changes=22,846)
   queued org.apache:net                      (snapshot=2011-03-25, pre-snap changes=7,770)
   queued org.apache:thrift                   (snapshot=2013-06-25, pre-snap changes=1,640)
   queued org.apache:vfs                      (snapshot=2012-11-15, pre-snap changes=12,148)
   queued org.apache:zookeeper                (snapshot=2014-04-04, pre-snap changes=10,681)
[Stage 5] Computing features in parallel (n_jobs=11, n_projects=22) ...
[Parallel(n_jobs=11)]: Using backend LokyBackend with 11 concurrent workers.
   done org.apache:codec                     N=   117  static= 49  hist= 18  graph= 12  prior= 13  (0.4s)
   done org.apache:commons-fileupload        N=    50  static= 49  hist= 18  graph= 12  prior= 13  (0.4s)
   done org.apache:commons-cli               N=   159  static= 49  hist= 18  graph= 12  prior= 13  (0.4s)
   done org.apache:commons-jexl              N=   158  static= 49  hist= 18  graph= 12  prior= 13  (0.4s)
   done org.apache:daemon                    N=    12  static= 49  hist= 18  graph= 12  prior= 13  (0.3s)
   done org.apache:dbcp                      N=   113  static= 49  hist= 18  graph= 12  prior= 13  (0.5s)
[Parallel(n_jobs=11)]: Done   6 out of  22 | elapsed:    3.9s remaining:   10.5s
   done org.apache:commons-jelly             N=   419  static= 49  hist= 18  graph= 12  prior= 13  (0.9s)
   done org.apache:configuration             N=   408  static= 49  hist= 18  graph= 12  prior= 13  (0.7s)
   done org.apache:digester                  N=   333  static= 49  hist= 18  graph= 12  prior= 13  (0.6s)
   done org.apache:bcel                      N=   471  static= 49  hist= 18  graph= 12  prior= 13  (3.8s)
   done org.apache:thrift                    N=   179  static= 49  hist= 18  graph= 12  prior= 13  (0.4s)
[Parallel(n_jobs=11)]: Done  11 out of  22 | elapsed:    7.4s remaining:    7.4s
   done org.apache:net                       N=   250  static= 49  hist= 18  graph= 12  prior= 13  (0.6s)
   done org.apache:vfs                       N=   405  static= 49  hist= 18  graph= 12  prior= 13  (1.0s)
   done org.apache:httpclient                N=   697  static= 49  hist= 18  graph= 12  prior= 13  (1.4s)
   done org.apache:httpcore                  N=   782  static= 49  hist= 18  graph= 12  prior= 13  (1.9s)
   done org.apache:zookeeper                 N=   745  static= 19  hist= 18  graph= 12  prior= 13  (1.1s)
[Parallel(n_jobs=11)]: Done  16 out of  22 | elapsed:    8.9s remaining:    3.3s
   done org.apache:batik                     N=  1712  static= 49  hist= 18  graph= 12  prior= 13  (8.6s)
   done org.apache:archiva                   N=  1585  static= 49  hist= 18  graph= 12  prior= 13  (9.5s)
   done org.apache:felix                     N=  3737  static= 49  hist= 18  graph= 12  prior= 13  (14.6s)
   done org.apache:cocoon                    N=  2702  static= 49  hist= 18  graph= 12  prior= 13  (49.2s)
   done org.apache:hive                      N=  5307  static= 49  hist= 18  graph= 12  prior= 13  (52.2s)
   done org.apache:cayenne                   N=  3570  static= 49  hist= 18  graph= 12  prior= 13  (108.8s)
[Parallel(n_jobs=11)]: Done  22 out of  22 | elapsed:  1.9min finished

[Stage 5] Feature summary:
                   project_id  n_basenames  static_cols  hist_cols  graph_cols  prior_cols  mean_n_issues_open  mean_total_commits_pre  mean_cocg_degree  mean_bugfix_pre  elapsed_s
           org.apache:archiva         1585           49         18          12          13                1.06                   10.18            502.14             1.27       9.52
             org.apache:batik         1712           49         18          12          13                7.23                    8.90            433.05             1.27       8.56
              org.apache:bcel          471           49         18          12          13                8.36                   15.02            451.84             2.57       3.83
           org.apache:cayenne         3570           49         18          12          13                1.64                    6.18           1472.76             0.74     108.79
            org.apache:cocoon         2702           49         18          12          13                1.88                   13.69           1247.43             0.89      49.22
             org.apache:codec          117           49         18          12          13                3.43                   20.40             82.56             4.98       0.44
       org.apache:commons-cli          159           49         18          12          13                9.57                    9.45            101.95             2.87       0.40
org.apache:commons-fileupload           50           49         18          12          13                2.42                   14.48             39.36             4.18       0.36
     org.apache:commons-jelly          419           49         18          12          13                0.68                    6.86            174.28             2.47       0.91
      org.apache:commons-jexl          158           49         18          12          13                1.68                   13.94            125.37             3.02       0.43
     org.apache:configuration          408           49         18          12          13                1.69                    9.30            135.12             1.88       0.74
            org.apache:daemon           12           49         18          12          13               14.00                    8.33              9.17             1.83       0.26
              org.apache:dbcp          113           49         18          12          13                6.77                   22.23             94.85             6.59       0.45
          org.apache:digester          333           49         18          12          13                2.12                    9.76            150.83             1.96       0.63
             org.apache:felix         3737           49         18          12          13                5.52                   11.30            201.79             1.39      14.57
              org.apache:hive         5307           49         18          12          13                9.05                    7.93            327.88             0.75      52.19
        org.apache:httpclient          697           49         18          12          13                2.42                   10.36            223.72             1.08       1.44
          org.apache:httpcore          782           49         18          12          13                1.66                   12.36            274.17             1.25       1.87
               org.apache:net          250           49         18          12          13                6.98                   18.36            172.26             3.14       0.58
            org.apache:thrift          179           49         18          12          13                4.48                    6.51             43.55             2.67       0.44
               org.apache:vfs          405           49         18          12          13                2.28                   18.34            295.95             5.04       0.99
         org.apache:zookeeper          745           19         18          12          13                2.99                    6.84            142.08             0.58       1.10

[Stage 5] Total rows - static: 23,911 | historical: 23,911 | graph: 23,911 | prior_defect: 23,911
[Stage 5] Static columns      : ['project_id', 'basename', 'n_issues_open', 'total_debt_minutes', 'total_effort_minutes', 'n_distinct_rules', 'max_severity_rank', 'n_blocker', 'n_critical', 'n_info', 'n_major', 'n_minor'] ... total 49
[Stage 5] Historical columns  : ['project_id', 'basename', 'total_commits_pre', 'total_contributors_pre', 'code_added_pre', 'code_removed_pre', 'avg_change_size_pre', 'max_single_commit_churn_pre', 'std_change_size_pre', 'code_churn_pre', 'recent_churn_30d_pre', 'recent_commits_30d_pre'] ... total 18
[Stage 5] Graph columns       : ['project_id', 'basename', 'cocg_degree', 'cocg_strength_sum', 'cocg_strength_mean', 'cocg_strength_max', 'cocg_betweenness', 'cocg_closeness', 'cocg_clustering_coef', 'cocg_pagerank', 'cocg_neighbour_count_30d', 'cocg_neighbour_count_90d'] ... total 12
[Stage 5] Prior-defect columns: ['project_id', 'basename', 'bugfix_commits_pre', 'bugfix_commits_pre_30d', 'bugfix_commits_pre_90d', 'bugfix_commits_pre_365d', 'time_since_last_bugfix_days', 'szz_inducing_pre', 'szz_inducing_pre_365d', 'linked_jira_issues_pre', 'linked_jira_bugs_pre', 'bug_density_pre'] ... total 13

[Stage 5] Elapsed: 113.9s
[Stage 5] Complete.

[Stage 5] OK  elapsed=1.95 min

==============================================================================
[Stage 6] Join features + labels into modelling tables
  script: scripts/06_build_dataset.py
  log:    results\run_logs\stage6.log
==============================================================================
[Stage 6] Loading features (static + historical) ...
   features table: rows=23,911  cols=84
[Stage 6] consequence  rows=23,911  feats= 82  positives= 3533 (14.78%)  leaky_retained=[]  (0.3s)
[Stage 6] severity     rows=23,911  feats= 76  positives= 2305 (9.64%)  leaky_retained=[]  (0.2s)
[Stage 6] szz          rows=23,911  feats= 80  positives=  297 (1.24%)  leaky_retained=[]  (0.3s)

[Stage 6] Per-variant dataset summary (results/tables/dataset_summary.csv):
    variant  rows  columns_total  n_features  positive_rate_pct  positives retained_leaky_cols  cols_with_any_na
consequence 23911             86          82              14.78       3533                                     0
   severity 23911             79          76               9.64       2305                                     0
        szz 23911             83          80               1.24        297                                     0

[Stage 6] Elapsed: 1.0s
[Stage 6] Complete.

[Stage 6] OK  elapsed=0.04 min

==============================================================================
[Stage 7] Within-project 10-fold CV, 6 models, persist preds, CIs, Wilcoxon
  script: scripts/07_train.py
  log:    results\run_logs\stage7.log
==============================================================================
[Stage 7] CV folds: 10
[Stage 7] Variants: ('consequence', 'severity', 'szz')
[Stage 7] Models:   ['logistic_regression', 'decision_tree', 'random_forest', 'xgboost', 'lightgbm', 'svm']

[Stage 7] variant=consequence  rows=23,911  feats=81  positives=3533 (14.78%)
   logistic_regression   F1=0.487  ROC_AUC=0.835  PR_AUC=0.517  MCC=0.398  CE@20=0.594  (27.6s)
   decision_tree         F1=0.501  ROC_AUC=0.706  PR_AUC=0.327  MCC=0.416  CE@20=0.521  (8.4s)
   random_forest         F1=0.554  ROC_AUC=0.915  PR_AUC=0.703  MCC=0.531  CE@20=0.746  (11.1s)
   xgboost               F1=0.573  ROC_AUC=0.911  PR_AUC=0.695  MCC=0.536  CE@20=0.736  (6.6s)
   lightgbm              F1=0.606  ROC_AUC=0.909  PR_AUC=0.686  MCC=0.536  CE@20=0.724  (8.0s)
   svm                   F1=0.415  ROC_AUC=0.841  PR_AUC=0.514  MCC=0.381  CE@20=0.602  (1726.3s)

[Stage 7] variant=severity     rows=23,911  feats=75  positives=2305 (9.64%)
   logistic_regression   F1=0.651  ROC_AUC=0.962  PR_AUC=0.758  MCC=0.629  CE@20=0.924  (16.8s)
   decision_tree         F1=0.641  ROC_AUC=0.796  PR_AUC=0.448  MCC=0.604  CE@20=0.674  (4.1s)
   random_forest         F1=0.674  ROC_AUC=0.974  PR_AUC=0.807  MCC=0.656  CE@20=0.968  (8.2s)
   xgboost               F1=0.711  ROC_AUC=0.976  PR_AUC=0.820  MCC=0.687  CE@20=0.968  (6.5s)
   lightgbm              F1=0.716  ROC_AUC=0.976  PR_AUC=0.820  MCC=0.691  CE@20=0.963  (7.4s)
   svm                   F1=0.602  ROC_AUC=0.959  PR_AUC=0.722  MCC=0.577  CE@20=0.918  (858.9s)

[Stage 7] variant=szz          rows=23,911  feats=79  positives=297 (1.24%)
   logistic_regression   F1=0.108  ROC_AUC=0.923  PR_AUC=0.213  MCC=0.190  CE@20=0.852  (30.8s)
   decision_tree         F1=0.235  ROC_AUC=0.611  PR_AUC=0.068  MCC=0.227  CE@20=0.360  (3.6s)
   random_forest         F1=0.098  ROC_AUC=0.933  PR_AUC=0.280  MCC=0.157  CE@20=0.943  (6.6s)
   xgboost               F1=0.186  ROC_AUC=0.946  PR_AUC=0.276  MCC=0.228  CE@20=0.919  (5.8s)
   lightgbm              F1=0.324  ROC_AUC=0.936  PR_AUC=0.264  MCC=0.319  CE@20=0.916  (8.0s)
   svm                   F1=0.050  ROC_AUC=0.910  PR_AUC=0.184  MCC=0.093  CE@20=0.859  (577.8s)

[Stage 7] Within-project summary (mean across folds):
    variant               model  precision_mean  recall_mean  f1_mean  roc_auc_mean  pr_auc_mean  mcc_mean  ce_at_20_mean
consequence       decision_tree           0.508        0.495    0.501         0.706        0.327     0.416          0.521
consequence            lightgbm           0.509        0.749    0.606         0.909        0.686     0.536          0.724
consequence logistic_regression           0.363        0.739    0.487         0.835        0.517     0.398          0.594
consequence       random_forest           0.784        0.429    0.554         0.915        0.703     0.531          0.746
consequence                 svm           0.633        0.309    0.415         0.841        0.514     0.381          0.602
consequence             xgboost           0.742        0.467    0.573         0.911        0.695     0.536          0.736
   severity       decision_tree           0.656        0.627    0.641         0.796        0.448     0.604          0.674
   severity            lightgbm           0.620        0.849    0.716         0.976        0.820     0.691          0.963
   severity logistic_regression           0.520        0.869    0.651         0.962        0.758     0.629          0.924
   severity       random_forest           0.806        0.580    0.674         0.974        0.807     0.656          0.968
   severity                 svm           0.725        0.515    0.602         0.959        0.722     0.577          0.918
   severity             xgboost           0.785        0.650    0.711         0.976        0.820     0.687          0.968
        szz       decision_tree           0.243        0.232    0.235         0.611        0.068     0.227          0.360
        szz            lightgbm           0.352        0.306    0.324         0.936        0.264     0.319          0.916
        szz logistic_regression           0.058        0.825    0.108         0.923        0.213     0.190          0.852
        szz       random_forest           0.504        0.057    0.098         0.933        0.280     0.157          0.943
        szz                 svm           0.350        0.027    0.050         0.910        0.184     0.093          0.859
        szz             xgboost           0.467        0.120    0.186         0.946        0.276     0.228          0.919

[Stage 7] Elapsed: 3323.5s
[Stage 7] Complete.

[Stage 7] OK  elapsed=55.60 min

==============================================================================
[Stage 7b] Optuna hyperparameter tuning (tree ensembles)
  script: scripts/07b_tune.py
  log:    results\run_logs\stage7b.log
==============================================================================
[Stage 7b] Trials per (variant, model): 30
[Stage 7b] Inner CV folds              : 5
[Stage 7b] Outer CV folds              : 10
[Stage 7b] Variants                    : ('consequence', 'severity', 'szz')
[Stage 7b] Models                      : ['logistic_regression', 'decision_tree', 'random_forest', 'xgboost', 'lightgbm']

[Stage 7b] variant=consequence  rows=23,911  feats=81  positives=3533 (14.78%)
   logistic_regression   best_PR_AUC=0.515  trials=30/30  (257.07s tune)
   logistic_regression   -> outer CV  F1=0.488  PR_AUC=0.517  MCC=0.399  CE@20=0.595  (286.7s total)
   decision_tree         best_PR_AUC=0.552  trials=30/30  (47.19s tune)
   decision_tree         -> outer CV  F1=0.515  PR_AUC=0.556  MCC=0.434  CE@20=0.636  (51.0s total)
   random_forest         best_PR_AUC=0.697  trials=30/30  (375.21s tune)
   random_forest         -> outer CV  F1=0.580  PR_AUC=0.700  MCC=0.542  CE@20=0.745  (414.4s total)
   xgboost               best_PR_AUC=0.713  trials=30/30  (250.97s tune)
   xgboost               -> outer CV  F1=0.604  PR_AUC=0.716  MCC=0.566  CE@20=0.746  (272.2s total)
   lightgbm              best_PR_AUC=0.709  trials=30/30  (342.8s tune)
   lightgbm              -> outer CV  F1=0.645  PR_AUC=0.712  MCC=0.582  CE@20=0.746  (370.1s total)

[Stage 7b] variant=severity     rows=23,911  feats=75  positives=2305 (9.64%)
   logistic_regression   best_PR_AUC=0.758  trials=30/30  (136.55s tune)
   logistic_regression   -> outer CV  F1=0.650  PR_AUC=0.759  MCC=0.628  CE@20=0.924  (151.3s total)
   decision_tree         best_PR_AUC=0.767  trials=30/30  (26.79s tune)
   decision_tree         -> outer CV  F1=0.609  PR_AUC=0.765  MCC=0.605  CE@20=0.946  (29.0s total)
   random_forest         best_PR_AUC=0.808  trials=30/30  (274.76s tune)
   random_forest         -> outer CV  F1=0.697  PR_AUC=0.811  MCC=0.674  CE@20=0.968  (303.0s total)
   xgboost               best_PR_AUC=0.827  trials=30/30  (214.71s tune)
   xgboost               -> outer CV  F1=0.712  PR_AUC=0.828  MCC=0.690  CE@20=0.973  (234.0s total)
   lightgbm              best_PR_AUC=0.826  trials=30/30  (322.92s tune)
   lightgbm              -> outer CV  F1=0.721  PR_AUC=0.831  MCC=0.698  CE@20=0.967  (355.9s total)

[Stage 7b] variant=szz          rows=23,911  feats=79  positives=297 (1.24%)
   logistic_regression   best_PR_AUC=0.206  trials=30/30  (405.19s tune)
   logistic_regression   -> outer CV  F1=0.111  PR_AUC=0.229  MCC=0.193  CE@20=0.866  (444.4s total)
   decision_tree         best_PR_AUC=0.162  trials=30/30  (31.44s tune)
   decision_tree         -> outer CV  F1=0.144  PR_AUC=0.146  MCC=0.203  CE@20=0.683  (33.8s total)
   random_forest         best_PR_AUC=0.256  trials=30/30  (166.3s tune)
   random_forest         -> outer CV  F1=0.188  PR_AUC=0.273  MCC=0.236  CE@20=0.956  (176.1s total)
   xgboost               best_PR_AUC=0.271  trials=30/30  (156.59s tune)
   xgboost               -> outer CV  F1=0.118  PR_AUC=0.272  MCC=0.159  CE@20=0.953  (165.3s total)
   lightgbm              best_PR_AUC=0.285  trials=30/30  (275.97s tune)
   lightgbm              -> outer CV  F1=0.313  PR_AUC=0.298  MCC=0.312  CE@20=0.933  (297.5s total)

[Stage 7b] Tuned params -> C:\Users\maaji\Desktop\technical-debt\results\tables\tuned_params.json

[Stage 7b] Within-project summary with tuned hyperparameters:
    variant               model  precision_mean  recall_mean  f1_mean  roc_auc_mean  pr_auc_mean  mcc_mean  ce_at_20_mean
consequence       decision_tree           0.390        0.761    0.515         0.849        0.556     0.434          0.636
consequence            lightgbm           0.628        0.664    0.645         0.916        0.712     0.582          0.746
consequence logistic_regression           0.365        0.739    0.488         0.835        0.517     0.399          0.595
consequence       random_forest           0.742        0.476    0.580         0.916        0.700     0.542          0.745
consequence             xgboost           0.752        0.506    0.604         0.918        0.716     0.566          0.746
   severity       decision_tree           0.447        0.955    0.609         0.964        0.765     0.605          0.946
   severity            lightgbm           0.619        0.862    0.721         0.977        0.831     0.698          0.967
   severity logistic_regression           0.520        0.866    0.650         0.962        0.759     0.628          0.924
   severity       random_forest           0.785        0.629    0.697         0.975        0.811     0.674          0.968
   severity             xgboost           0.796        0.645    0.712         0.977        0.828     0.690          0.973
        szz       decision_tree           0.081        0.636    0.144         0.784        0.146     0.203          0.683
        szz            lightgbm           0.255        0.411    0.313         0.947        0.298     0.312          0.933
        szz logistic_regression           0.060        0.822    0.111         0.926        0.229     0.193          0.866
        szz       random_forest           0.506        0.121    0.188         0.944        0.273     0.236          0.956
        szz             xgboost           0.385        0.070    0.118         0.951        0.272     0.159          0.953

[Stage 7b] Elapsed: 3584.8s
[Stage 7b] Complete.

[Stage 7b] OK  elapsed=59.79 min

==============================================================================
[Stage 7c] Probability calibration sweep (Platt, isotonic)
  script: scripts/07c_calibrate.py
  log:    results\run_logs\stage7c.log
==============================================================================
[Stage 7c] Calibration methods : ('platt', 'isotonic')
[Stage 7c] Models              : ['logistic_regression', 'random_forest', 'xgboost', 'lightgbm']
[Stage 7c] Outer CV folds      : 10

[Stage 7c] variant=consequence  rows=23,911  feats=81  positives=3533 (14.78%)
   logistic_regression   uncalibrated  PR_AUC=0.517  F1=0.487  (18.2s)
   logistic_regression   platt         PR_AUC=0.510  F1=0.174  Brier=0.1029  ECE=0.0676  (88.2s)
   logistic_regression   isotonic      PR_AUC=0.499  F1=0.264  Brier=0.1091  ECE=0.0938  (83.9s)
   random_forest         uncalibrated  PR_AUC=0.703  F1=0.554  (13.8s)
   random_forest         platt         PR_AUC=0.685  F1=0.515  Brier=0.0806  ECE=0.0668  (64.5s)
   random_forest         isotonic      PR_AUC=0.689  F1=0.496  Brier=0.0805  ECE=0.0601  (64.3s)
   xgboost               uncalibrated  PR_AUC=0.695  F1=0.573  (7.9s)
   xgboost               platt         PR_AUC=0.671  F1=0.483  Brier=0.0847  ECE=0.0815  (36.6s)
   xgboost               isotonic      PR_AUC=0.672  F1=0.453  Brier=0.0863  ECE=0.0840  (35.9s)
   lightgbm              uncalibrated  PR_AUC=0.686  F1=0.606  (8.5s)
   lightgbm              platt         PR_AUC=0.663  F1=0.499  Brier=0.0863  ECE=0.0804  (38.9s)
   lightgbm              isotonic      PR_AUC=0.667  F1=0.460  Brier=0.0872  ECE=0.0871  (40.4s)

[Stage 7c] variant=severity     rows=23,911  feats=75  positives=2305 (9.64%)
   logistic_regression   uncalibrated  PR_AUC=0.758  F1=0.651  (10.9s)
   logistic_regression   platt         PR_AUC=0.756  F1=0.590  Brier=0.0448  ECE=0.0309  (57.6s)
   logistic_regression   isotonic      PR_AUC=0.755  F1=0.630  Brier=0.0426  ECE=0.0164  (56.3s)
   random_forest         uncalibrated  PR_AUC=0.807  F1=0.674  (10.2s)
   random_forest         platt         PR_AUC=0.801  F1=0.687  Brier=0.0386  ECE=0.0240  (48.0s)
   random_forest         isotonic      PR_AUC=0.801  F1=0.686  Brier=0.0383  ECE=0.0163  (47.8s)
   xgboost               uncalibrated  PR_AUC=0.820  F1=0.711  (7.3s)
   xgboost               platt         PR_AUC=0.821  F1=0.687  Brier=0.0385  ECE=0.0288  (33.6s)
   xgboost               isotonic      PR_AUC=0.824  F1=0.684  Brier=0.0370  ECE=0.0225  (33.9s)
   lightgbm              uncalibrated  PR_AUC=0.820  F1=0.716  (8.1s)
   lightgbm              platt         PR_AUC=0.822  F1=0.710  Brier=0.0378  ECE=0.0263  (38.4s)
   lightgbm              isotonic      PR_AUC=0.825  F1=0.681  Brier=0.0372  ECE=0.0234  (37.8s)

[Stage 7c] variant=szz          rows=23,911  feats=79  positives=297 (1.24%)
   logistic_regression   uncalibrated  PR_AUC=0.213  F1=0.108  (34.5s)
   logistic_regression   platt         PR_AUC=0.197  F1=0.000  Brier=0.0114  ECE=0.0044  (179.8s)
   logistic_regression   isotonic      PR_AUC=0.193  F1=0.000  Brier=0.0114  ECE=0.0103  (178.2s)
   random_forest         uncalibrated  PR_AUC=0.280  F1=0.098  (8.9s)
   random_forest         platt         PR_AUC=0.246  F1=0.013  Brier=0.0111  ECE=0.0057  (41.9s)
   random_forest         isotonic      PR_AUC=0.231  F1=0.000  Brier=0.0110  ECE=0.0023  (41.6s)
   xgboost               uncalibrated  PR_AUC=0.276  F1=0.186  (7.1s)
   xgboost               platt         PR_AUC=0.245  F1=0.000  Brier=0.0112  ECE=0.0052  (32.3s)
   xgboost               isotonic      PR_AUC=0.241  F1=0.000  Brier=0.0109  ECE=0.0037  (32.1s)
   lightgbm              uncalibrated  PR_AUC=0.264  F1=0.324  (9.6s)
   lightgbm              platt         PR_AUC=0.242  F1=0.000  Brier=0.0113  ECE=0.0049  (43.0s)
   lightgbm              isotonic      PR_AUC=0.248  F1=0.000  Brier=0.0110  ECE=0.0045  (45.2s)

[Stage 7c] Calibration summary (mean across folds):
    variant               model       method  f1_mean  pr_auc_mean  brier_mean  nll_mean  ece_mean
consequence            lightgbm     isotonic   0.4595       0.6674      0.0872    0.3004    0.0871
consequence            lightgbm        platt   0.4988       0.6630      0.0863    0.2975    0.0804
consequence            lightgbm uncalibrated   0.6056       0.6857         NaN       NaN       NaN
consequence logistic_regression     isotonic   0.2641       0.4990      0.1091    0.3653    0.0938
consequence logistic_regression        platt   0.1737       0.5102      0.1029    0.3467    0.0676
consequence logistic_regression uncalibrated   0.4872       0.5166         NaN       NaN       NaN
consequence       random_forest     isotonic   0.4964       0.6893      0.0805    0.2709    0.0601
consequence       random_forest        platt   0.5150       0.6850      0.0806    0.2825    0.0668
consequence       random_forest uncalibrated   0.5539       0.7032         NaN       NaN       NaN
consequence             xgboost     isotonic   0.4530       0.6716      0.0863    0.2966    0.0840
consequence             xgboost        platt   0.4832       0.6707      0.0847    0.2983    0.0815
consequence             xgboost uncalibrated   0.5731       0.6952         NaN       NaN       NaN
   severity            lightgbm     isotonic   0.6810       0.8245      0.0372    0.1205    0.0234
   severity            lightgbm        platt   0.7102       0.8217      0.0378    0.1336    0.0263
   severity            lightgbm uncalibrated   0.7162       0.8196         NaN       NaN       NaN
   severity logistic_regression     isotonic   0.6304       0.7552      0.0426    0.1430    0.0164
   severity logistic_regression        platt   0.5895       0.7564      0.0448    0.1572    0.0309
   severity logistic_regression uncalibrated   0.6508       0.7575         NaN       NaN       NaN
   severity       random_forest     isotonic   0.6859       0.8012      0.0383    0.1217    0.0163
   severity       random_forest        platt   0.6868       0.8006      0.0386    0.1335    0.0240
   severity       random_forest uncalibrated   0.6743       0.8067         NaN       NaN       NaN
   severity             xgboost     isotonic   0.6837       0.8244      0.0370    0.1190    0.0225
   severity             xgboost        platt   0.6868       0.8211      0.0385    0.1413    0.0288
   severity             xgboost uncalibrated   0.7107       0.8202         NaN       NaN       NaN
        szz            lightgbm     isotonic   0.0000       0.2481      0.0110    0.0481    0.0045
        szz            lightgbm        platt   0.0000       0.2419      0.0113    0.0569    0.0049
        szz            lightgbm uncalibrated   0.3238       0.2640         NaN       NaN       NaN
        szz logistic_regression     isotonic   0.0000       0.1931      0.0114    0.0528    0.0103
        szz logistic_regression        platt   0.0000       0.1971      0.0114    0.0525    0.0044
        szz logistic_regression uncalibrated   0.1081       0.2134         NaN       NaN       NaN
        szz       random_forest     isotonic   0.0000       0.2306      0.0110    0.0470    0.0023
        szz       random_forest        platt   0.0125       0.2458      0.0111    0.0530    0.0057
        szz       random_forest uncalibrated   0.0982       0.2801         NaN       NaN       NaN
        szz             xgboost     isotonic   0.0000       0.2413      0.0109    0.0462    0.0037
        szz             xgboost        platt   0.0000       0.2452      0.0112    0.0556    0.0052
        szz             xgboost uncalibrated   0.1864       0.2759         NaN       NaN       NaN

[Stage 7c] Elapsed: 1545.5s
[Stage 7c] Complete.

[Stage 7c] OK  elapsed=25.79 min

==============================================================================
[Stage 7d] SMOTE vs class_weight resampling sweep
  script: scripts/07d_resample.py
  log:    results\run_logs\stage7d.log
==============================================================================
[Stage 7d] Models   : ['logistic_regression', 'decision_tree', 'random_forest', 'xgboost', 'lightgbm', 'svm']
[Stage 7d] Variants : ('consequence', 'severity', 'szz')
[Stage 7d] CV folds : 10

[Stage 7d] variant=consequence  rows=23,911  feats=81  positives=3533 (14.78%)
   logistic_regression   SMOTE  F1=0.481  PR_AUC=0.486  MCC=0.382  CE@20=0.573  (61.3s)
   decision_tree         SMOTE  F1=0.509  PR_AUC=0.326  MCC=0.417  CE@20=0.582  (13.8s)
   random_forest         SMOTE  F1=0.635  PR_AUC=0.694  MCC=0.570  CE@20=0.735  (35.1s)
   xgboost               SMOTE  F1=0.605  PR_AUC=0.675  MCC=0.537  CE@20=0.710  (16.9s)
   lightgbm              SMOTE  F1=0.610  PR_AUC=0.679  MCC=0.546  CE@20=0.714  (16.7s)
   svm                   SMOTE  F1=0.485  PR_AUC=0.509  MCC=0.397  CE@20=0.593  (6241.7s)

[Stage 7d] variant=severity     rows=23,911  feats=75  positives=2305 (9.64%)
   logistic_regression   SMOTE  F1=0.647  PR_AUC=0.746  MCC=0.621  CE@20=0.908  (105.7s)
   decision_tree         SMOTE  F1=0.613  PR_AUC=0.412  MCC=0.574  CE@20=0.750  (37.8s)
   random_forest         SMOTE  F1=0.674  PR_AUC=0.758  MCC=0.650  CE@20=0.956  (72.4s)
   xgboost               SMOTE  F1=0.698  PR_AUC=0.802  MCC=0.670  CE@20=0.957  (26.0s)
   lightgbm              SMOTE  F1=0.704  PR_AUC=0.806  MCC=0.674  CE@20=0.958  (40.7s)

[Stage 7d] FAIL (rc=1073807364)  elapsed=519.30 min

==============================================================================
Pipeline finished. Total wall-clock: 662.48 min
==============================================================================
Failed stages: [('7d', 1073807364)]
