[Stage 11] Best model: xgboost
[Stage 11] Tuned params: {'n_estimators': 400, 'max_depth': 8, 'learning_rate': 0.05124306211291101, 'subsample': 0.8686806241102831, 'colsample_bytree': 0.790938208564768}
[Stage 11] Refitting on full corpus: rows=12,449 feats=27

[Stage 11] Model card:
{
  "model_type": "XGBClassifier",
  "model_name": "xgboost",
  "n_features": 27,
  "feature_families": 5,
  "label": "dual_signal_combined_weight",
  "threshold": 0.5,
  "lopo_f1": 0.7241,
  "lopo_roc_auc": 0.9677,
  "lopo_pr_auc": 0.8845,
  "lopo_ce_at_20": 0.8228,
  "within_f1": 0.8663,
  "within_pr_auc": 0.9453,
  "training_projects": 22,
  "training_rows": 12449,
  "tuned_params": {
    "n_estimators": 400,
    "max_depth": 8,
    "learning_rate": 0.05124306211291101,
    "subsample": 0.8686806241102831,
    "colsample_bytree": 0.790938208564768
  },
  "date_trained": "2026-05-13"
}

[Stage 11] Total elapsed: 0.8s
[Stage 11] Complete.
