[Stage 7] CV folds: 10
[Stage 7] Variants: ('consequence', 'severity', 'szz')
[Stage 7] Models:   ['logistic_regression', 'decision_tree', 'random_forest', 'xgboost', 'lightgbm', 'svm']

[Stage 7] variant=consequence  rows=23,911  feats=81  positives=3533 (14.78%)
   logistic_regression   F1=0.487  ROC_AUC=0.835  PR_AUC=0.517  MCC=0.398  CE@20=0.594  (27.6s)
   decision_tree         F1=0.501  ROC_AUC=0.706  PR_AUC=0.327  MCC=0.416  CE@20=0.521  (8.4s)
   random_forest         F1=0.554  ROC_AUC=0.915  PR_AUC=0.703  MCC=0.531  CE@20=0.746  (11.1s)
   xgboost               F1=0.573  ROC_AUC=0.911  PR_AUC=0.695  MCC=0.536  CE@20=0.736  (6.6s)
   lightgbm              F1=0.606  ROC_AUC=0.909  PR_AUC=0.686  MCC=0.536  CE@20=0.724  (8.0s)
   svm                   F1=0.415  ROC_AUC=0.841  PR_AUC=0.514  MCC=0.381  CE@20=0.602  (1726.3s)

[Stage 7] variant=severity     rows=23,911  feats=75  positives=2305 (9.64%)
   logistic_regression   F1=0.651  ROC_AUC=0.962  PR_AUC=0.758  MCC=0.629  CE@20=0.924  (16.8s)
   decision_tree         F1=0.641  ROC_AUC=0.796  PR_AUC=0.448  MCC=0.604  CE@20=0.674  (4.1s)
   random_forest         F1=0.674  ROC_AUC=0.974  PR_AUC=0.807  MCC=0.656  CE@20=0.968  (8.2s)
   xgboost               F1=0.711  ROC_AUC=0.976  PR_AUC=0.820  MCC=0.687  CE@20=0.968  (6.5s)
   lightgbm              F1=0.716  ROC_AUC=0.976  PR_AUC=0.820  MCC=0.691  CE@20=0.963  (7.4s)
   svm                   F1=0.602  ROC_AUC=0.959  PR_AUC=0.722  MCC=0.577  CE@20=0.918  (858.9s)

[Stage 7] variant=szz          rows=23,911  feats=79  positives=297 (1.24%)
   logistic_regression   F1=0.108  ROC_AUC=0.923  PR_AUC=0.213  MCC=0.190  CE@20=0.852  (30.8s)
   decision_tree         F1=0.235  ROC_AUC=0.611  PR_AUC=0.068  MCC=0.227  CE@20=0.360  (3.6s)
   random_forest         F1=0.098  ROC_AUC=0.933  PR_AUC=0.280  MCC=0.157  CE@20=0.943  (6.6s)
   xgboost               F1=0.186  ROC_AUC=0.946  PR_AUC=0.276  MCC=0.228  CE@20=0.919  (5.8s)
   lightgbm              F1=0.324  ROC_AUC=0.936  PR_AUC=0.264  MCC=0.319  CE@20=0.916  (8.0s)
   svm                   F1=0.050  ROC_AUC=0.910  PR_AUC=0.184  MCC=0.093  CE@20=0.859  (577.8s)

[Stage 7] Within-project summary (mean across folds):
    variant               model  precision_mean  recall_mean  f1_mean  roc_auc_mean  pr_auc_mean  mcc_mean  ce_at_20_mean
consequence       decision_tree           0.508        0.495    0.501         0.706        0.327     0.416          0.521
consequence            lightgbm           0.509        0.749    0.606         0.909        0.686     0.536          0.724
consequence logistic_regression           0.363        0.739    0.487         0.835        0.517     0.398          0.594
consequence       random_forest           0.784        0.429    0.554         0.915        0.703     0.531          0.746
consequence                 svm           0.633        0.309    0.415         0.841        0.514     0.381          0.602
consequence             xgboost           0.742        0.467    0.573         0.911        0.695     0.536          0.736
   severity       decision_tree           0.656        0.627    0.641         0.796        0.448     0.604          0.674
   severity            lightgbm           0.620        0.849    0.716         0.976        0.820     0.691          0.963
   severity logistic_regression           0.520        0.869    0.651         0.962        0.758     0.629          0.924
   severity       random_forest           0.806        0.580    0.674         0.974        0.807     0.656          0.968
   severity                 svm           0.725        0.515    0.602         0.959        0.722     0.577          0.918
   severity             xgboost           0.785        0.650    0.711         0.976        0.820     0.687          0.968
        szz       decision_tree           0.243        0.232    0.235         0.611        0.068     0.227          0.360
        szz            lightgbm           0.352        0.306    0.324         0.936        0.264     0.319          0.916
        szz logistic_regression           0.058        0.825    0.108         0.923        0.213     0.190          0.852
        szz       random_forest           0.504        0.057    0.098         0.933        0.280     0.157          0.943
        szz                 svm           0.350        0.027    0.050         0.910        0.184     0.093          0.859
        szz             xgboost           0.467        0.120    0.186         0.946        0.276     0.228          0.919

[Stage 7] Elapsed: 3323.5s
[Stage 7] Complete.
