[Stage 5] Eligible projects: 22
[Stage 5] Parallel workers (STAGE5_N_JOBS): 11
[Stage 5] Loading cleaned parquets ...
   commits        :    103,905
   changes        :    526,035
   sonar_issues   :    680,794
   sonar_measures :     54,345
   szz            :     49,202
   jira           :     58,085
[Stage 5] Pre-slicing data per project ...
   queued org.apache:archiva                  (snapshot=2012-01-05, pre-snap changes=25,430)
   queued org.apache:batik                    (snapshot=2001-12-14, pre-snap changes=53,436)
   queued org.apache:bcel                     (snapshot=2015-08-16, pre-snap changes=11,624)
   queued org.apache:cayenne                  (snapshot=2012-12-04, pre-snap changes=49,841)
   queued org.apache:cocoon                   (snapshot=2005-03-19, pre-snap changes=85,635)
   queued org.apache:codec                    (snapshot=2012-08-27, pre-snap changes=4,062)
   queued org.apache:commons-cli              (snapshot=2008-11-10, pre-snap changes=2,320)
   queued org.apache:commons-fileupload       (snapshot=2013-03-11, pre-snap changes=1,495)
   queued org.apache:commons-jelly            (snapshot=2003-02-07, pre-snap changes=6,557)
   queued org.apache:commons-jexl             (snapshot=2009-12-11, pre-snap changes=4,991)
   queued org.apache:configuration            (snapshot=2013-06-01, pre-snap changes=9,168)
   queued org.apache:daemon                   (snapshot=2010-10-02, pre-snap changes=290)
   queued org.apache:dbcp                     (snapshot=2014-02-07, pre-snap changes=5,133)
   queued org.apache:digester                 (snapshot=2011-02-19, pre-snap changes=6,663)
   queued org.apache:felix                    (snapshot=2011-06-29, pre-snap changes=89,103)
   queued org.apache:hive                     (snapshot=2015-12-20, pre-snap changes=95,510)
   queued org.apache:httpclient               (snapshot=2012-06-07, pre-snap changes=19,692)
   queued org.apache:httpcore                 (snapshot=2012-01-17, pre-snap changes=22,846)
   queued org.apache:net                      (snapshot=2011-03-25, pre-snap changes=7,770)
   queued org.apache:thrift                   (snapshot=2013-06-25, pre-snap changes=1,640)
   queued org.apache:vfs                      (snapshot=2012-11-15, pre-snap changes=12,148)
   queued org.apache:zookeeper                (snapshot=2014-04-04, pre-snap changes=10,681)
[Stage 5] Computing features in parallel (n_jobs=11, n_projects=22) ...
[Parallel(n_jobs=11)]: Using backend LokyBackend with 11 concurrent workers.
   done org.apache:codec                     N=   117  static= 49  hist= 18  graph= 12  prior= 13  (0.4s)
   done org.apache:commons-fileupload        N=    50  static= 49  hist= 18  graph= 12  prior= 13  (0.4s)
   done org.apache:commons-cli               N=   159  static= 49  hist= 18  graph= 12  prior= 13  (0.4s)
   done org.apache:commons-jexl              N=   158  static= 49  hist= 18  graph= 12  prior= 13  (0.4s)
   done org.apache:daemon                    N=    12  static= 49  hist= 18  graph= 12  prior= 13  (0.3s)
   done org.apache:dbcp                      N=   113  static= 49  hist= 18  graph= 12  prior= 13  (0.5s)
[Parallel(n_jobs=11)]: Done   6 out of  22 | elapsed:    3.9s remaining:   10.5s
   done org.apache:commons-jelly             N=   419  static= 49  hist= 18  graph= 12  prior= 13  (0.9s)
   done org.apache:configuration             N=   408  static= 49  hist= 18  graph= 12  prior= 13  (0.7s)
   done org.apache:digester                  N=   333  static= 49  hist= 18  graph= 12  prior= 13  (0.6s)
   done org.apache:bcel                      N=   471  static= 49  hist= 18  graph= 12  prior= 13  (3.8s)
   done org.apache:thrift                    N=   179  static= 49  hist= 18  graph= 12  prior= 13  (0.4s)
[Parallel(n_jobs=11)]: Done  11 out of  22 | elapsed:    7.4s remaining:    7.4s
   done org.apache:net                       N=   250  static= 49  hist= 18  graph= 12  prior= 13  (0.6s)
   done org.apache:vfs                       N=   405  static= 49  hist= 18  graph= 12  prior= 13  (1.0s)
   done org.apache:httpclient                N=   697  static= 49  hist= 18  graph= 12  prior= 13  (1.4s)
   done org.apache:httpcore                  N=   782  static= 49  hist= 18  graph= 12  prior= 13  (1.9s)
   done org.apache:zookeeper                 N=   745  static= 19  hist= 18  graph= 12  prior= 13  (1.1s)
[Parallel(n_jobs=11)]: Done  16 out of  22 | elapsed:    8.9s remaining:    3.3s
   done org.apache:batik                     N=  1712  static= 49  hist= 18  graph= 12  prior= 13  (8.6s)
   done org.apache:archiva                   N=  1585  static= 49  hist= 18  graph= 12  prior= 13  (9.5s)
   done org.apache:felix                     N=  3737  static= 49  hist= 18  graph= 12  prior= 13  (14.6s)
   done org.apache:cocoon                    N=  2702  static= 49  hist= 18  graph= 12  prior= 13  (49.2s)
   done org.apache:hive                      N=  5307  static= 49  hist= 18  graph= 12  prior= 13  (52.2s)
   done org.apache:cayenne                   N=  3570  static= 49  hist= 18  graph= 12  prior= 13  (108.8s)
[Parallel(n_jobs=11)]: Done  22 out of  22 | elapsed:  1.9min finished

[Stage 5] Feature summary:
                   project_id  n_basenames  static_cols  hist_cols  graph_cols  prior_cols  mean_n_issues_open  mean_total_commits_pre  mean_cocg_degree  mean_bugfix_pre  elapsed_s
           org.apache:archiva         1585           49         18          12          13                1.06                   10.18            502.14             1.27       9.52
             org.apache:batik         1712           49         18          12          13                7.23                    8.90            433.05             1.27       8.56
              org.apache:bcel          471           49         18          12          13                8.36                   15.02            451.84             2.57       3.83
           org.apache:cayenne         3570           49         18          12          13                1.64                    6.18           1472.76             0.74     108.79
            org.apache:cocoon         2702           49         18          12          13                1.88                   13.69           1247.43             0.89      49.22
             org.apache:codec          117           49         18          12          13                3.43                   20.40             82.56             4.98       0.44
       org.apache:commons-cli          159           49         18          12          13                9.57                    9.45            101.95             2.87       0.40
org.apache:commons-fileupload           50           49         18          12          13                2.42                   14.48             39.36             4.18       0.36
     org.apache:commons-jelly          419           49         18          12          13                0.68                    6.86            174.28             2.47       0.91
      org.apache:commons-jexl          158           49         18          12          13                1.68                   13.94            125.37             3.02       0.43
     org.apache:configuration          408           49         18          12          13                1.69                    9.30            135.12             1.88       0.74
            org.apache:daemon           12           49         18          12          13               14.00                    8.33              9.17             1.83       0.26
              org.apache:dbcp          113           49         18          12          13                6.77                   22.23             94.85             6.59       0.45
          org.apache:digester          333           49         18          12          13                2.12                    9.76            150.83             1.96       0.63
             org.apache:felix         3737           49         18          12          13                5.52                   11.30            201.79             1.39      14.57
              org.apache:hive         5307           49         18          12          13                9.05                    7.93            327.88             0.75      52.19
        org.apache:httpclient          697           49         18          12          13                2.42                   10.36            223.72             1.08       1.44
          org.apache:httpcore          782           49         18          12          13                1.66                   12.36            274.17             1.25       1.87
               org.apache:net          250           49         18          12          13                6.98                   18.36            172.26             3.14       0.58
            org.apache:thrift          179           49         18          12          13                4.48                    6.51             43.55             2.67       0.44
               org.apache:vfs          405           49         18          12          13                2.28                   18.34            295.95             5.04       0.99
         org.apache:zookeeper          745           19         18          12          13                2.99                    6.84            142.08             0.58       1.10

[Stage 5] Total rows - static: 23,911 | historical: 23,911 | graph: 23,911 | prior_defect: 23,911
[Stage 5] Static columns      : ['project_id', 'basename', 'n_issues_open', 'total_debt_minutes', 'total_effort_minutes', 'n_distinct_rules', 'max_severity_rank', 'n_blocker', 'n_critical', 'n_info', 'n_major', 'n_minor'] ... total 49
[Stage 5] Historical columns  : ['project_id', 'basename', 'total_commits_pre', 'total_contributors_pre', 'code_added_pre', 'code_removed_pre', 'avg_change_size_pre', 'max_single_commit_churn_pre', 'std_change_size_pre', 'code_churn_pre', 'recent_churn_30d_pre', 'recent_commits_30d_pre'] ... total 18
[Stage 5] Graph columns       : ['project_id', 'basename', 'cocg_degree', 'cocg_strength_sum', 'cocg_strength_mean', 'cocg_strength_max', 'cocg_betweenness', 'cocg_closeness', 'cocg_clustering_coef', 'cocg_pagerank', 'cocg_neighbour_count_30d', 'cocg_neighbour_count_90d'] ... total 12
[Stage 5] Prior-defect columns: ['project_id', 'basename', 'bugfix_commits_pre', 'bugfix_commits_pre_30d', 'bugfix_commits_pre_90d', 'bugfix_commits_pre_365d', 'time_since_last_bugfix_days', 'szz_inducing_pre', 'szz_inducing_pre_365d', 'linked_jira_issues_pre', 'linked_jira_bugs_pre', 'bug_density_pre'] ... total 13

[Stage 5] Elapsed: 113.9s
[Stage 5] Complete.
