[Stage 9] Best model: xgboost
[Stage 9] Params: {'n_estimators': 400, 'max_depth': 8, 'learning_rate': 0.05124306211291101, 'subsample': 0.8686806241102831, 'colsample_bytree': 0.790938208564768}
[Stage 9] Running ablation (within-project 10-fold CV) ...
[Stage 9] Wrote C:\Users\maaji\Desktop\technical-debt\results\tables\ablation_results.csv  (11 rows)

[Stage 9] Ablation table:
            mode          family  n_features     f1  pr_auc  ce_at_20  f1_std
    all_features           (all)          27 0.8663  0.9453    0.9257  0.0202
only_this_family size_complexity           5 0.2864  0.2026    0.2624  0.0112
leave_out_family size_complexity          22 0.8656  0.9437    0.9276  0.0193
only_this_family     static_debt           5 0.4794  0.5407    0.5583  0.0298
leave_out_family     static_debt          22 0.8288  0.9160    0.8918  0.0193
only_this_family      historical           8 0.7649  0.8542    0.8241  0.0149
leave_out_family      historical          19 0.7935  0.8923    0.8580  0.0229
only_this_family           graph           4 0.5415  0.5894    0.6011  0.0244
leave_out_family           graph          23 0.8655  0.9459    0.9261  0.0210
only_this_family    prior_defect           5 0.6205  0.6924    0.6928  0.0131
leave_out_family    prior_defect          22 0.8057  0.8951    0.8739  0.0175

[Stage 9] Marginal F1 drop when family is removed (sorted descending):
         family       f1  f1_drop_vs_all
     historical 0.793506          0.0728
   prior_defect 0.805694          0.0606
    static_debt 0.828814          0.0375
size_complexity 0.865566          0.0008
          graph 0.865503          0.0008

[Stage 9] Total elapsed: 91.2s
[Stage 9] Complete.
