[Stage 7d] Models   : ['logistic_regression', 'decision_tree', 'random_forest', 'xgboost', 'lightgbm', 'svm']
[Stage 7d] Variants : ('consequence', 'severity', 'szz')
[Stage 7d] CV folds : 10

[Stage 7d] variant=consequence  rows=23,911  feats=81  positives=3533 (14.78%)
   logistic_regression   SMOTE  F1=0.481  PR_AUC=0.486  MCC=0.382  CE@20=0.573  (85.3s)
   decision_tree         SMOTE  F1=0.509  PR_AUC=0.326  MCC=0.417  CE@20=0.582  (30.4s)
   random_forest         SMOTE  F1=0.635  PR_AUC=0.694  MCC=0.570  CE@20=0.735  (74.7s)
   xgboost               SMOTE  F1=0.605  PR_AUC=0.675  MCC=0.537  CE@20=0.710  (30.5s)
   lightgbm              SMOTE  F1=0.610  PR_AUC=0.679  MCC=0.546  CE@20=0.714  (46.8s)
   svm                   SMOTE  F1=0.485  PR_AUC=0.509  MCC=0.397  CE@20=0.593  (3856.0s)

[Stage 7d] variant=severity     rows=23,911  feats=75  positives=2305 (9.64%)
   logistic_regression   SMOTE  F1=0.647  PR_AUC=0.746  MCC=0.621  CE@20=0.908  (31.3s)
   decision_tree         SMOTE  F1=0.613  PR_AUC=0.412  MCC=0.574  CE@20=0.750  (12.1s)
   random_forest         SMOTE  F1=0.674  PR_AUC=0.758  MCC=0.650  CE@20=0.956  (17.0s)
   xgboost               SMOTE  F1=0.698  PR_AUC=0.802  MCC=0.670  CE@20=0.957  (8.7s)
   lightgbm              SMOTE  F1=0.704  PR_AUC=0.806  MCC=0.674  CE@20=0.958  (9.4s)
   svm                   SMOTE  F1=0.616  PR_AUC=0.715  MCC=0.595  CE@20=0.899  (4952.5s)

[Stage 7d] variant=szz          rows=23,911  feats=79  positives=297 (1.24%)
   logistic_regression   SMOTE  F1=0.127  PR_AUC=0.182  MCC=0.195  CE@20=0.835  (75.1s)
   decision_tree         SMOTE  F1=0.175  PR_AUC=0.045  MCC=0.171  CE@20=0.377  (15.2s)
   random_forest         SMOTE  F1=0.272  PR_AUC=0.237  MCC=0.265  CE@20=0.926  (19.0s)
   xgboost               SMOTE  F1=0.294  PR_AUC=0.238  MCC=0.287  CE@20=0.906  (8.4s)
   lightgbm              SMOTE  F1=0.291  PR_AUC=0.238  MCC=0.285  CE@20=0.919  (10.3s)
   svm                   SMOTE  F1=0.128  PR_AUC=0.143  MCC=0.195  CE@20=0.805  (2810.5s)

[Stage 7d] Class-weight vs SMOTE comparison (means):
    variant               model  f1_cw  pr_auc_cw  mcc_cw  ce_at_20_cw  f1_smote  pr_auc_smote  mcc_smote  ce_at_20_smote  f1_delta  pr_auc_delta  mcc_delta  ce_at_20_delta
consequence       decision_tree  0.501      0.327   0.416        0.521     0.509         0.326      0.417           0.582     0.008        -0.001      0.000           0.060
consequence            lightgbm  0.606      0.686   0.536        0.724     0.610         0.679      0.546           0.714     0.005        -0.007      0.010          -0.010
consequence logistic_regression  0.487      0.517   0.398        0.594     0.481         0.486      0.382           0.573    -0.006        -0.031     -0.016          -0.021
consequence       random_forest  0.554      0.703   0.531        0.746     0.635         0.694      0.570           0.735     0.081        -0.009      0.039          -0.010
consequence                 svm  0.415      0.514   0.381        0.602     0.485         0.509      0.397           0.593     0.070        -0.004      0.016          -0.009
consequence             xgboost  0.573      0.695   0.536        0.736     0.605         0.675      0.537           0.710     0.032        -0.020      0.001          -0.026
   severity       decision_tree  0.641      0.448   0.604        0.674     0.613         0.412      0.574           0.750    -0.028        -0.036     -0.030           0.076
   severity            lightgbm  0.716      0.820   0.691        0.963     0.704         0.806      0.674           0.958    -0.012        -0.013     -0.017          -0.005
   severity logistic_regression  0.651      0.758   0.629        0.924     0.647         0.746      0.621           0.908    -0.004        -0.012     -0.008          -0.016
   severity       random_forest  0.674      0.807   0.656        0.968     0.674         0.758      0.650           0.956     0.000        -0.049     -0.006          -0.012
   severity                 svm  0.602      0.722   0.577        0.918     0.616         0.715      0.595           0.899     0.014        -0.007      0.018          -0.018
   severity             xgboost  0.711      0.820   0.687        0.968     0.698         0.802      0.670           0.957    -0.013        -0.019     -0.017          -0.011
        szz       decision_tree  0.235      0.068   0.227        0.360     0.175         0.045      0.171           0.377    -0.061        -0.023     -0.056           0.017
        szz            lightgbm  0.324      0.264   0.319        0.916     0.291         0.238      0.285           0.919    -0.033        -0.026     -0.034           0.003
        szz logistic_regression  0.108      0.213   0.190        0.852     0.127         0.182      0.195           0.835     0.019        -0.031      0.005          -0.017
        szz       random_forest  0.098      0.280   0.157        0.943     0.272         0.237      0.265           0.926     0.174        -0.043      0.108          -0.017
        szz                 svm  0.050      0.184   0.093        0.859     0.128         0.143      0.195           0.805     0.078        -0.042      0.102          -0.054
        szz             xgboost  0.186      0.276   0.228        0.919     0.294         0.238      0.287           0.906     0.108        -0.038      0.060          -0.013

[Stage 7d] Elapsed: 12106.7s
[Stage 7d] Complete.
