[Stage 1] Opening: C:\Users\maaji\Desktop\technical-debt\data\raw\td_V2.db
[Stage 1] Size (MB): 1471.1
[Stage 1] Found 10 tables:
   - GIT_COMMITS
   - GIT_COMMITS_CHANGES
   - JIRA_ISSUES
   - PROJECTS
   - REFACTORING_MINER
   - SONAR_ANALYSIS
   - SONAR_ISSUES
   - SONAR_MEASURES
   - SONAR_RULES
   - SZZ_FAULT_INDUCING_COMMITS

[Stage 1] Row-count summary:
   GIT_COMMITS_CHANGES                            1,142,878
   SONAR_ISSUES                                   1,024,614
   REFACTORING_MINER                                362,253
   GIT_COMMITS                                      153,994
   SONAR_ANALYSIS                                    67,550
   SONAR_MEASURES                                    66,711
   JIRA_ISSUES                                       61,402
   SZZ_FAULT_INDUCING_COMMITS                        52,428
   SONAR_RULES                                        1,819
   PROJECTS                                              31

[Stage 1] Schema written to: C:\Users\maaji\Desktop\technical-debt\results\tables\db_schema.csv
[Stage 1] Counts written to : C:\Users\maaji\Desktop\technical-debt\results\tables\db_table_counts.csv
[Stage 1] Samples written to: C:\Users\maaji\Desktop\technical-debt\results\tables\db_samples
[Stage 1] Complete.
