[Stage 7e] T1 percentile : 40
[Stage 7e] T2 percentile : 70
[Stage 7e] Window months : 6
[Stage 7e] Models        : ['logistic_regression', 'random_forest', 'xgboost', 'lightgbm']
[Stage 7e] Loading cleaned parquets ...
[Stage 7e] Projects in data: 22
[Parallel(n_jobs=11)]: Using backend LokyBackend with 11 concurrent workers.
      [graph:org.apache:bcel] graph built V=445 E=83196 (0.3s)
      [graph:org.apache:bcel] degree+strength (0.1s)
      [graph:org.apache:codec] graph built V=100 E=1894 (0.0s)
      [graph:org.apache:codec] degree+strength (0.0s)
      [graph:org.apache:codec] centralities (igraph) (0.0s)
      [graph:org.apache:codec] neighbour windows (0.0s)
      [graph:org.apache:daemon] graph built V=12 E=55 (0.0s)
      [graph:org.apache:daemon] degree+strength (0.0s)
      [graph:org.apache:daemon] centralities (igraph) (0.0s)
      [graph:org.apache:daemon] neighbour windows (0.0s)
      [graph:org.apache:commons-jelly] graph built V=401 E=36035 (0.1s)
      [graph:org.apache:bcel] centralities (igraph) (0.4s)
      [graph:org.apache:commons-jelly] degree+strength (0.0s)
      [graph:org.apache:commons-jexl] graph built V=144 E=7205 (0.1s)
      [graph:org.apache:commons-jexl] degree+strength (0.0s)
      [graph:org.apache:commons-jexl] centralities (igraph) (0.0s)
      [graph:org.apache:dbcp] graph built V=104 E=4790 (0.1s)
      [graph:org.apache:dbcp] degree+strength (0.0s)
      [graph:org.apache:daemon] graph built V=18 E=91 (0.0s)
      [graph:org.apache:daemon] degree+strength (0.0s)
      [graph:org.apache:daemon] centralities (igraph) (0.0s)
      [graph:org.apache:dbcp] centralities (igraph) (0.0s)
      [graph:org.apache:daemon] neighbour windows (0.0s)
      [graph:org.apache:configuration] graph built V=256 E=26604 (0.1s)
      [graph:org.apache:codec] graph built V=136 E=5605 (0.1s)
      [graph:org.apache:codec] degree+strength (0.0s)
      [graph:org.apache:commons-jexl] neighbour windows (0.1s)
      [graph:org.apache:configuration] degree+strength (0.0s)
      [graph:org.apache:codec] centralities (igraph) (0.0s)
      [graph:org.apache:codec] neighbour windows (0.0s)
      [graph:org.apache:commons-jelly] centralities (igraph) (0.2s)
      [graph:org.apache:dbcp] neighbour windows (0.1s)
      [graph:org.apache:batik] graph built V=1638 E=369435 (0.9s)
      [graph:org.apache:configuration] centralities (igraph) (0.1s)
      [graph:org.apache:configuration] neighbour windows (0.0s)
      [graph:org.apache:archiva] graph built V=1465 E=378599 (1.1s)
      [graph:org.apache:commons-jelly] neighbour windows (0.3s)
      [graph:org.apache:digester] graph built V=233 E=22353 (0.1s)
      [graph:org.apache:bcel] neighbour windows (0.5s)
      [graph:org.apache:digester] degree+strength (0.0s)
      [graph:org.apache:commons-jexl] graph built V=222 E=14467 (0.1s)
      [graph:org.apache:commons-jexl] degree+strength (0.0s)
      [graph:org.apache:dbcp] graph built V=125 E=6246 (0.1s)
      [graph:org.apache:dbcp] degree+strength (0.0s)
      [graph:org.apache:digester] centralities (igraph) (0.1s)
      [graph:org.apache:dbcp] centralities (igraph) (0.0s)
      [graph:org.apache:commons-jexl] centralities (igraph) (0.0s)
      [graph:org.apache:digester] neighbour windows (0.0s)
      [graph:org.apache:dbcp] neighbour windows (0.0s)
      [graph:org.apache:commons-jexl] neighbour windows (0.0s)
      [graph:org.apache:batik] degree+strength (0.4s)
      [graph:org.apache:configuration] graph built V=515 E=38619 (0.2s)
      [graph:org.apache:configuration] degree+strength (0.0s)
      [graph:org.apache:archiva] degree+strength (0.4s)
      [graph:org.apache:commons-jelly] graph built V=487 E=84694 (0.2s)
      [graph:org.apache:configuration] centralities (igraph) (0.3s)
      [graph:org.apache:configuration] neighbour windows (0.0s)
      [graph:org.apache:commons-jelly] degree+strength (0.1s)
      [graph:org.apache:digester] graph built V=346 E=39362 (0.2s)
      [graph:org.apache:digester] degree+strength (0.0s)
[Parallel(n_jobs=11)]: Done   6 out of  22 | elapsed:    5.1s remaining:   13.7s
      [graph:org.apache:digester] centralities (igraph) (0.1s)
      [graph:org.apache:bcel] graph built V=483 E=112436 (0.5s)
      [graph:org.apache:bcel] degree+strength (0.1s)
      [graph:org.apache:commons-jelly] centralities (igraph) (0.4s)
      [graph:org.apache:commons-jelly] neighbour windows (0.0s)
      [graph:org.apache:bcel] centralities (igraph) (0.6s)
      [graph:org.apache:httpclient] graph built V=568 E=73706 (0.2s)
      [graph:org.apache:httpclient] degree+strength (0.1s)
      [graph:org.apache:digester] neighbour windows (1.0s)
      [graph:org.apache:felix] graph built V=3467 E=315592 (1.2s)
      [graph:org.apache:httpcore] graph built V=628 E=99639 (0.3s)
      [graph:org.apache:httpclient] centralities (igraph) (0.4s)
      [graph:org.apache:httpclient] neighbour windows (0.0s)
      [graph:org.apache:httpcore] degree+strength (0.1s)
      [graph:org.apache:net] graph built V=225 E=21286 (0.1s)
      [graph:org.apache:felix] degree+strength (0.4s)
      [graph:org.apache:net] degree+strength (0.0s)
      [graph:org.apache:net] centralities (igraph) (0.1s)
      [graph:org.apache:net] neighbour windows (0.0s)
      [graph:org.apache:thrift] graph built V=165 E=3843 (0.0s)
      [graph:org.apache:thrift] degree+strength (0.0s)
      [graph:org.apache:thrift] centralities (igraph) (0.0s)
      [graph:org.apache:thrift] neighbour windows (0.0s)
      [graph:org.apache:net] graph built V=274 E=23367 (0.1s)
      [graph:org.apache:net] degree+strength (0.0s)
      [graph:org.apache:httpcore] centralities (igraph) (0.7s)
      [graph:org.apache:httpcore] neighbour windows (0.0s)
      [graph:org.apache:thrift] graph built V=197 E=3999 (0.0s)
      [graph:org.apache:thrift] degree+strength (0.0s)
      [graph:org.apache:net] centralities (igraph) (0.1s)
      [graph:org.apache:thrift] centralities (igraph) (0.0s)
      [graph:org.apache:thrift] neighbour windows (0.0s)
      [graph:org.apache:net] neighbour windows (0.0s)
      [graph:org.apache:httpclient] graph built V=901 E=167630 (0.6s)
      [graph:org.apache:httpclient] degree+strength (0.2s)
      [graph:org.apache:hive] graph built V=4715 E=564657 (1.8s)
[Parallel(n_jobs=11)]: Done  11 out of  22 | elapsed:    8.1s remaining:    8.1s
      [graph:org.apache:hive] degree+strength (0.6s)
      [graph:org.apache:httpcore] graph built V=998 E=213459 (0.8s)
      [graph:org.apache:zookeeper] graph built V=676 E=51478 (0.2s)
      [graph:org.apache:vfs] graph built V=391 E=58246 (0.3s)
      [graph:org.apache:zookeeper] degree+strength (0.1s)
      [graph:org.apache:vfs] degree+strength (0.1s)
      [graph:org.apache:httpcore] degree+strength (0.3s)
      [graph:org.apache:vfs] centralities (igraph) (0.2s)
      [graph:org.apache:vfs] neighbour windows (0.0s)
      [graph:org.apache:zookeeper] centralities (igraph) (0.4s)
      [graph:org.apache:zookeeper] neighbour windows (0.0s)
      [graph:org.apache:cocoon] graph built V=2331 E=1636900 (5.4s)
      [graph:org.apache:bcel] neighbour windows (3.3s)
      [graph:org.apache:vfs] graph built V=469 E=78051 (0.3s)
      [graph:org.apache:zookeeper] graph built V=908 E=59287 (0.2s)
      [graph:org.apache:vfs] degree+strength (0.1s)
      [graph:org.apache:zookeeper] degree+strength (0.1s)
      [graph:org.apache:httpclient] centralities (igraph) (2.0s)
      [graph:org.apache:httpclient] neighbour windows (0.0s)
      [graph:org.apache:vfs] centralities (igraph) (0.4s)
      [graph:org.apache:vfs] neighbour windows (0.0s)
      [graph:org.apache:cayenne] graph built V=3406 E=2620842 (6.9s)
      [graph:org.apache:zookeeper] centralities (igraph) (0.7s)
      [graph:org.apache:zookeeper] neighbour windows (0.0s)
      [graph:org.apache:batik] centralities (igraph) (6.1s)
      [graph:org.apache:cocoon] degree+strength (1.9s)
      [graph:org.apache:batik] neighbour windows (0.3s)
      [graph:org.apache:archiva] centralities (igraph) (6.3s)
      [graph:org.apache:archiva] neighbour windows (0.0s)
C:\Users\maaji\Desktop\technical-debt\venv\Lib\site-packages\sklearn\linear_model\_logistic.py:406: ConvergenceWarning: lbfgs failed to converge after 5000 iteration(s) (status=1):
STOP: TOTAL NO. OF ITERATIONS REACHED LIMIT

Increase the number of iterations to improve the convergence (max_iter=5000).
You might also want to scale the data as shown in:
    https://scikit-learn.org/stable/modules/preprocessing.html
Please also refer to the documentation for alternative solver options:
    https://scikit-learn.org/stable/modules/linear_model.html#logistic-regression
  n_iter_i = _check_optimize_result(
      [graph:org.apache:httpcore] centralities (igraph) (2.7s)
      [graph:org.apache:httpcore] neighbour windows (0.1s)
[Parallel(n_jobs=11)]: Done  16 out of  22 | elapsed:   12.5s remaining:    4.6s
      [graph:org.apache:archiva] graph built V=1671 E=403627 (1.2s)
      [graph:org.apache:cayenne] degree+strength (2.7s)
      [graph:org.apache:archiva] degree+strength (0.4s)
      [graph:org.apache:batik] graph built V=2025 E=1156019 (2.8s)
      [graph:org.apache:batik] degree+strength (1.1s)
      [graph:org.apache:felix] centralities (igraph) (9.6s)
      [graph:org.apache:felix] neighbour windows (0.1s)
      [graph:org.apache:felix] graph built V=5078 E=652975 (2.2s)
      [graph:org.apache:archiva] centralities (igraph) (6.6s)
      [graph:org.apache:archiva] neighbour windows (0.1s)
      [graph:org.apache:felix] degree+strength (0.7s)
      [graph:org.apache:batik] centralities (igraph) (22.0s)
      [graph:org.apache:hive] centralities (igraph) (30.5s)
      [graph:org.apache:hive] neighbour windows (0.4s)
      [graph:org.apache:hive] graph built V=6585 E=1155717 (2.8s)
      [graph:org.apache:hive] degree+strength (1.1s)
      [graph:org.apache:cocoon] centralities (igraph) (33.4s)
      [graph:org.apache:cocoon] neighbour windows (0.2s)
      [graph:org.apache:felix] centralities (igraph) (28.8s)
      [graph:org.apache:felix] neighbour windows (0.1s)
      [graph:org.apache:cocoon] graph built V=3499 E=1974100 (5.6s)
      [graph:org.apache:cocoon] degree+strength (1.6s)
      [graph:org.apache:batik] neighbour windows (15.2s)
      [graph:org.apache:cayenne] centralities (igraph) (80.8s)
      [graph:org.apache:cayenne] neighbour windows (0.0s)
      [graph:org.apache:cayenne] graph built V=4631 E=3726441 (8.7s)
      [graph:org.apache:cayenne] degree+strength (2.8s)
      [graph:org.apache:cocoon] centralities (igraph) (59.1s)
      [graph:org.apache:cocoon] neighbour windows (0.4s)
      [graph:org.apache:hive] centralities (igraph) (73.0s)
      [graph:org.apache:hive] neighbour windows (0.2s)
      [graph:org.apache:cayenne] centralities (igraph) (132.6s)
      [graph:org.apache:cayenne] neighbour windows (0.0s)
[Parallel(n_jobs=11)]: Done  22 out of  22 | elapsed:  4.0min finished
   logistic_regression   projs=20  F1=0.247  PR_AUC=0.324  MCC=0.169  CE@20=0.336  (240.5s)
[Parallel(n_jobs=11)]: Using backend LokyBackend with 11 concurrent workers.
      [graph:org.apache:bcel] graph built V=445 E=83196 (0.2s)
      [graph:org.apache:bcel] degree+strength (0.1s)
      [graph:org.apache:codec] graph built V=100 E=1894 (0.0s)
      [graph:org.apache:codec] degree+strength (0.0s)
      [graph:org.apache:codec] centralities (igraph) (0.0s)
      [graph:org.apache:codec] neighbour windows (0.0s)
      [graph:org.apache:commons-jelly] graph built V=401 E=36035 (0.1s)
      [graph:org.apache:commons-jexl] graph built V=144 E=7205 (0.0s)
      [graph:org.apache:commons-jexl] degree+strength (0.0s)
      [graph:org.apache:commons-jelly] degree+strength (0.0s)
      [graph:org.apache:commons-jexl] centralities (igraph) (0.0s)
      [graph:org.apache:daemon] graph built V=12 E=55 (0.0s)
      [graph:org.apache:daemon] degree+strength (0.0s)
      [graph:org.apache:daemon] centralities (igraph) (0.0s)
      [graph:org.apache:daemon] neighbour windows (0.0s)
      [graph:org.apache:configuration] graph built V=256 E=26604 (0.1s)
      [graph:org.apache:configuration] degree+strength (0.0s)
      [graph:org.apache:commons-jexl] neighbour windows (0.1s)
      [graph:org.apache:dbcp] graph built V=104 E=4790 (0.1s)
      [graph:org.apache:bcel] centralities (igraph) (0.3s)
      [graph:org.apache:dbcp] degree+strength (0.0s)
      [graph:org.apache:codec] graph built V=136 E=5605 (0.1s)
      [graph:org.apache:codec] degree+strength (0.0s)
      [graph:org.apache:dbcp] centralities (igraph) (0.0s)
      [graph:org.apache:codec] centralities (igraph) (0.0s)
      [graph:org.apache:codec] neighbour windows (0.0s)
      [graph:org.apache:configuration] centralities (igraph) (0.1s)
      [graph:org.apache:commons-jelly] centralities (igraph) (0.2s)
      [graph:org.apache:configuration] neighbour windows (0.0s)
      [graph:org.apache:dbcp] neighbour windows (0.1s)
      [graph:org.apache:batik] graph built V=1638 E=369435 (0.7s)
      [graph:org.apache:archiva] graph built V=1465 E=378599 (0.8s)
      [graph:org.apache:daemon] graph built V=18 E=91 (0.0s)
      [graph:org.apache:daemon] degree+strength (0.0s)
      [graph:org.apache:daemon] centralities (igraph) (0.0s)
      [graph:org.apache:daemon] neighbour windows (0.0s)
      [graph:org.apache:commons-jexl] graph built V=222 E=14467 (0.1s)
      [graph:org.apache:commons-jexl] degree+strength (0.0s)
      [graph:org.apache:commons-jexl] centralities (igraph) (0.0s)
      [graph:org.apache:commons-jexl] neighbour windows (0.0s)
      [graph:org.apache:commons-jelly] neighbour windows (0.3s)
      [graph:org.apache:bcel] neighbour windows (0.4s)
      [graph:org.apache:dbcp] graph built V=125 E=6246 (0.1s)
      [graph:org.apache:configuration] graph built V=515 E=38619 (0.2s)
      [graph:org.apache:dbcp] degree+strength (0.0s)
      [graph:org.apache:dbcp] centralities (igraph) (0.0s)
      [graph:org.apache:dbcp] neighbour windows (0.0s)
      [graph:org.apache:configuration] degree+strength (0.0s)
      [graph:org.apache:batik] degree+strength (0.4s)
      [graph:org.apache:archiva] degree+strength (0.4s)
      [graph:org.apache:digester] graph built V=233 E=22353 (0.1s)
      [graph:org.apache:configuration] centralities (igraph) (0.2s)
      [graph:org.apache:configuration] neighbour windows (0.0s)
      [graph:org.apache:digester] degree+strength (0.0s)
      [graph:org.apache:digester] centralities (igraph) (0.1s)
      [graph:org.apache:digester] neighbour windows (0.0s)
      [graph:org.apache:commons-jelly] graph built V=487 E=84694 (0.2s)
      [graph:org.apache:commons-jelly] degree+strength (0.1s)
      [graph:org.apache:bcel] graph built V=483 E=112436 (0.4s)
[Parallel(n_jobs=11)]: Done   6 out of  22 | elapsed:    1.8s remaining:    4.9s
      [graph:org.apache:bcel] degree+strength (0.1s)
      [graph:org.apache:digester] graph built V=346 E=39362 (0.1s)
      [graph:org.apache:digester] degree+strength (0.0s)
      [graph:org.apache:commons-jelly] centralities (igraph) (0.4s)
      [graph:org.apache:commons-jelly] neighbour windows (0.0s)
      [graph:org.apache:digester] centralities (igraph) (0.2s)
      [graph:org.apache:bcel] centralities (igraph) (0.5s)
      [graph:org.apache:httpclient] graph built V=568 E=73706 (0.2s)
      [graph:org.apache:httpcore] graph built V=628 E=99639 (0.3s)
      [graph:org.apache:httpclient] degree+strength (0.1s)
      [graph:org.apache:httpcore] degree+strength (0.1s)
      [graph:org.apache:httpclient] centralities (igraph) (0.4s)
      [graph:org.apache:httpclient] neighbour windows (0.0s)
      [graph:org.apache:net] graph built V=225 E=21286 (0.1s)
      [graph:org.apache:net] degree+strength (0.0s)
      [graph:org.apache:digester] neighbour windows (0.9s)
      [graph:org.apache:net] centralities (igraph) (0.1s)
      [graph:org.apache:net] neighbour windows (0.0s)
      [graph:org.apache:felix] graph built V=3467 E=315592 (1.4s)
      [graph:org.apache:httpcore] centralities (igraph) (0.6s)
      [graph:org.apache:httpcore] neighbour windows (0.0s)
      [graph:org.apache:felix] degree+strength (0.3s)
      [graph:org.apache:net] graph built V=274 E=23367 (0.2s)
      [graph:org.apache:net] degree+strength (0.0s)
      [graph:org.apache:thrift] graph built V=165 E=3843 (0.0s)
      [graph:org.apache:thrift] degree+strength (0.0s)
      [graph:org.apache:thrift] centralities (igraph) (0.0s)
      [graph:org.apache:thrift] neighbour windows (0.0s)
      [graph:org.apache:net] centralities (igraph) (0.1s)
      [graph:org.apache:net] neighbour windows (0.0s)
      [graph:org.apache:httpclient] graph built V=901 E=167630 (0.6s)
      [graph:org.apache:thrift] graph built V=197 E=3999 (0.0s)
      [graph:org.apache:thrift] degree+strength (0.0s)
      [graph:org.apache:thrift] centralities (igraph) (0.0s)
      [graph:org.apache:thrift] neighbour windows (0.0s)
      [graph:org.apache:hive] graph built V=4715 E=564657 (1.7s)
      [graph:org.apache:httpclient] degree+strength (0.2s)
      [graph:org.apache:httpcore] graph built V=998 E=213459 (0.7s)
      [graph:org.apache:httpcore] degree+strength (0.2s)
[Parallel(n_jobs=11)]: Done  11 out of  22 | elapsed:    4.6s remaining:    4.6s
      [graph:org.apache:vfs] graph built V=391 E=58246 (0.2s)
      [graph:org.apache:vfs] degree+strength (0.0s)
      [graph:org.apache:zookeeper] graph built V=676 E=51478 (0.1s)
      [graph:org.apache:hive] degree+strength (0.7s)
      [graph:org.apache:zookeeper] degree+strength (0.1s)
      [graph:org.apache:vfs] centralities (igraph) (0.3s)
      [graph:org.apache:vfs] neighbour windows (0.0s)
      [graph:org.apache:cocoon] graph built V=2331 E=1636900 (4.6s)
      [graph:org.apache:zookeeper] centralities (igraph) (0.4s)
      [graph:org.apache:zookeeper] neighbour windows (0.0s)
      [graph:org.apache:vfs] graph built V=469 E=78051 (0.4s)
      [graph:org.apache:zookeeper] graph built V=908 E=59287 (0.2s)
      [graph:org.apache:bcel] neighbour windows (3.5s)
      [graph:org.apache:vfs] degree+strength (0.1s)
      [graph:org.apache:zookeeper] degree+strength (0.1s)
      [graph:org.apache:httpclient] centralities (igraph) (2.0s)
      [graph:org.apache:httpclient] neighbour windows (0.0s)
      [graph:org.apache:vfs] centralities (igraph) (0.4s)
      [graph:org.apache:vfs] neighbour windows (0.0s)
      [graph:org.apache:zookeeper] centralities (igraph) (0.6s)
      [graph:org.apache:zookeeper] neighbour windows (0.0s)
      [graph:org.apache:cocoon] degree+strength (1.6s)
      [graph:org.apache:cayenne] graph built V=3406 E=2620842 (6.6s)
      [graph:org.apache:httpcore] centralities (igraph) (2.4s)
      [graph:org.apache:httpcore] neighbour windows (0.1s)
      [graph:org.apache:batik] centralities (igraph) (5.7s)
      [graph:org.apache:archiva] centralities (igraph) (6.0s)
      [graph:org.apache:archiva] neighbour windows (0.0s)
      [graph:org.apache:batik] neighbour windows (0.3s)
[Parallel(n_jobs=11)]: Done  16 out of  22 | elapsed:    7.6s remaining:    2.8s
      [graph:org.apache:archiva] graph built V=1671 E=403627 (1.1s)
      [graph:org.apache:cayenne] degree+strength (2.2s)
      [graph:org.apache:archiva] degree+strength (0.4s)
      [graph:org.apache:batik] graph built V=2025 E=1156019 (2.5s)
      [graph:org.apache:batik] degree+strength (1.0s)
      [graph:org.apache:felix] centralities (igraph) (8.9s)
      [graph:org.apache:felix] neighbour windows (0.1s)
      [graph:org.apache:felix] graph built V=5078 E=652975 (2.2s)
      [graph:org.apache:archiva] centralities (igraph) (6.4s)
      [graph:org.apache:archiva] neighbour windows (0.1s)
      [graph:org.apache:felix] degree+strength (0.6s)
      [graph:org.apache:batik] centralities (igraph) (22.1s)
      [graph:org.apache:hive] centralities (igraph) (30.3s)
      [graph:org.apache:hive] neighbour windows (0.3s)
      [graph:org.apache:hive] graph built V=6585 E=1155717 (2.9s)
      [graph:org.apache:cocoon] centralities (igraph) (33.3s)
      [graph:org.apache:hive] degree+strength (1.1s)
      [graph:org.apache:cocoon] neighbour windows (0.2s)
      [graph:org.apache:felix] centralities (igraph) (29.1s)
      [graph:org.apache:felix] neighbour windows (0.1s)
      [graph:org.apache:cocoon] graph built V=3499 E=1974100 (5.9s)
      [graph:org.apache:batik] neighbour windows (14.6s)
      [graph:org.apache:cocoon] degree+strength (1.7s)
      [graph:org.apache:cayenne] centralities (igraph) (81.3s)
      [graph:org.apache:cayenne] neighbour windows (0.0s)
      [graph:org.apache:cayenne] graph built V=4631 E=3726441 (8.7s)
      [graph:org.apache:cayenne] degree+strength (2.9s)
      [graph:org.apache:cocoon] centralities (igraph) (59.4s)
      [graph:org.apache:cocoon] neighbour windows (0.5s)
      [graph:org.apache:hive] centralities (igraph) (73.4s)
      [graph:org.apache:hive] neighbour windows (0.2s)
      [graph:org.apache:cayenne] centralities (igraph) (135.6s)
      [graph:org.apache:cayenne] neighbour windows (0.0s)
[Parallel(n_jobs=11)]: Done  22 out of  22 | elapsed:  4.0min finished
   random_forest         projs=20  F1=0.155  PR_AUC=0.388  MCC=0.140  CE@20=0.451  (240.1s)
[Parallel(n_jobs=11)]: Using backend LokyBackend with 11 concurrent workers.
      [graph:org.apache:bcel] graph built V=445 E=83196 (0.2s)
      [graph:org.apache:bcel] degree+strength (0.1s)
      [graph:org.apache:codec] graph built V=100 E=1894 (0.0s)
      [graph:org.apache:codec] degree+strength (0.0s)
      [graph:org.apache:codec] centralities (igraph) (0.0s)
      [graph:org.apache:codec] neighbour windows (0.0s)
      [graph:org.apache:commons-jelly] graph built V=401 E=36035 (0.1s)
      [graph:org.apache:commons-jexl] graph built V=144 E=7205 (0.0s)
      [graph:org.apache:commons-jexl] degree+strength (0.0s)
      [graph:org.apache:commons-jelly] degree+strength (0.0s)
      [graph:org.apache:commons-jexl] centralities (igraph) (0.0s)
      [graph:org.apache:daemon] graph built V=12 E=55 (0.0s)
      [graph:org.apache:daemon] degree+strength (0.0s)
      [graph:org.apache:daemon] centralities (igraph) (0.0s)
      [graph:org.apache:daemon] neighbour windows (0.0s)
      [graph:org.apache:dbcp] graph built V=104 E=4790 (0.0s)
      [graph:org.apache:dbcp] degree+strength (0.0s)
      [graph:org.apache:configuration] graph built V=256 E=26604 (0.1s)
      [graph:org.apache:dbcp] centralities (igraph) (0.0s)
      [graph:org.apache:configuration] degree+strength (0.0s)
      [graph:org.apache:commons-jexl] neighbour windows (0.1s)
      [graph:org.apache:dbcp] neighbour windows (0.1s)
      [graph:org.apache:bcel] centralities (igraph) (0.3s)
      [graph:org.apache:configuration] centralities (igraph) (0.1s)
      [graph:org.apache:commons-jelly] centralities (igraph) (0.2s)
      [graph:org.apache:codec] graph built V=136 E=5605 (0.1s)
      [graph:org.apache:configuration] neighbour windows (0.0s)
      [graph:org.apache:codec] degree+strength (0.0s)
      [graph:org.apache:codec] centralities (igraph) (0.0s)
      [graph:org.apache:codec] neighbour windows (0.0s)
      [graph:org.apache:daemon] graph built V=18 E=91 (0.0s)
      [graph:org.apache:daemon] degree+strength (0.0s)
      [graph:org.apache:daemon] centralities (igraph) (0.0s)
      [graph:org.apache:daemon] neighbour windows (0.0s)
      [graph:org.apache:batik] graph built V=1638 E=369435 (0.7s)
      [graph:org.apache:commons-jexl] graph built V=222 E=14467 (0.1s)
      [graph:org.apache:commons-jexl] degree+strength (0.0s)
      [graph:org.apache:commons-jexl] centralities (igraph) (0.1s)
      [graph:org.apache:commons-jexl] neighbour windows (0.0s)
      [graph:org.apache:archiva] graph built V=1465 E=378599 (1.0s)
      [graph:org.apache:commons-jelly] neighbour windows (0.3s)
      [graph:org.apache:dbcp] graph built V=125 E=6246 (0.1s)
      [graph:org.apache:dbcp] degree+strength (0.0s)
      [graph:org.apache:dbcp] centralities (igraph) (0.0s)
      [graph:org.apache:dbcp] neighbour windows (0.0s)
      [graph:org.apache:configuration] graph built V=515 E=38619 (0.1s)
      [graph:org.apache:bcel] neighbour windows (0.5s)
      [graph:org.apache:configuration] degree+strength (0.0s)
      [graph:org.apache:batik] degree+strength (0.4s)
      [graph:org.apache:digester] graph built V=233 E=22353 (0.1s)
      [graph:org.apache:digester] degree+strength (0.0s)
      [graph:org.apache:archiva] degree+strength (0.4s)
[Parallel(n_jobs=11)]: Done   6 out of  22 | elapsed:    1.5s remaining:    4.2s
      [graph:org.apache:commons-jelly] graph built V=487 E=84694 (0.2s)
      [graph:org.apache:digester] centralities (igraph) (0.1s)
      [graph:org.apache:configuration] centralities (igraph) (0.2s)
      [graph:org.apache:digester] neighbour windows (0.0s)
      [graph:org.apache:configuration] neighbour windows (0.0s)
      [graph:org.apache:commons-jelly] degree+strength (0.1s)
      [graph:org.apache:digester] graph built V=346 E=39362 (0.1s)
      [graph:org.apache:commons-jelly] centralities (igraph) (0.3s)
      [graph:org.apache:digester] degree+strength (0.1s)
      [graph:org.apache:commons-jelly] neighbour windows (0.0s)
      [graph:org.apache:digester] centralities (igraph) (0.1s)
      [graph:org.apache:httpclient] graph built V=568 E=73706 (0.2s)
      [graph:org.apache:bcel] graph built V=483 E=112436 (0.8s)
      [graph:org.apache:httpclient] degree+strength (0.1s)
      [graph:org.apache:bcel] degree+strength (0.1s)
      [graph:org.apache:httpcore] graph built V=628 E=99639 (0.3s)
      [graph:org.apache:httpcore] degree+strength (0.1s)
      [graph:org.apache:net] graph built V=225 E=21286 (0.1s)
      [graph:org.apache:net] degree+strength (0.0s)
      [graph:org.apache:net] centralities (igraph) (0.1s)
      [graph:org.apache:net] neighbour windows (0.0s)
      [graph:org.apache:httpclient] centralities (igraph) (0.4s)
      [graph:org.apache:httpclient] neighbour windows (0.0s)
      [graph:org.apache:digester] neighbour windows (0.9s)
      [graph:org.apache:bcel] centralities (igraph) (0.5s)
      [graph:org.apache:felix] graph built V=3467 E=315592 (1.4s)
      [graph:org.apache:net] graph built V=274 E=23367 (0.1s)
      [graph:org.apache:net] degree+strength (0.0s)
      [graph:org.apache:net] centralities (igraph) (0.1s)
      [graph:org.apache:httpcore] centralities (igraph) (0.7s)
      [graph:org.apache:net] neighbour windows (0.0s)
      [graph:org.apache:httpcore] neighbour windows (0.0s)
      [graph:org.apache:felix] degree+strength (0.3s)
      [graph:org.apache:thrift] graph built V=165 E=3843 (0.0s)
      [graph:org.apache:thrift] degree+strength (0.0s)
      [graph:org.apache:thrift] centralities (igraph) (0.0s)
      [graph:org.apache:thrift] neighbour windows (0.0s)
      [graph:org.apache:httpclient] graph built V=901 E=167630 (0.5s)
      [graph:org.apache:thrift] graph built V=197 E=3999 (0.0s)
      [graph:org.apache:thrift] degree+strength (0.0s)
      [graph:org.apache:thrift] centralities (igraph) (0.0s)
      [graph:org.apache:thrift] neighbour windows (0.0s)
      [graph:org.apache:httpclient] degree+strength (0.2s)
      [graph:org.apache:hive] graph built V=4715 E=564657 (1.6s)
      [graph:org.apache:vfs] graph built V=391 E=58246 (0.3s)
[Parallel(n_jobs=11)]: Done  11 out of  22 | elapsed:    4.3s remaining:    4.3s
      [graph:org.apache:vfs] degree+strength (0.1s)
      [graph:org.apache:httpcore] graph built V=998 E=213459 (0.8s)
      [graph:org.apache:zookeeper] graph built V=676 E=51478 (0.1s)
      [graph:org.apache:vfs] centralities (igraph) (0.3s)
      [graph:org.apache:vfs] neighbour windows (0.0s)
      [graph:org.apache:zookeeper] degree+strength (0.1s)
      [graph:org.apache:httpcore] degree+strength (0.2s)
      [graph:org.apache:hive] degree+strength (0.8s)
      [graph:org.apache:zookeeper] centralities (igraph) (0.4s)
      [graph:org.apache:zookeeper] neighbour windows (0.0s)
      [graph:org.apache:cocoon] graph built V=2331 E=1636900 (4.9s)
      [graph:org.apache:vfs] graph built V=469 E=78051 (0.5s)
      [graph:org.apache:zookeeper] graph built V=908 E=59287 (0.2s)
      [graph:org.apache:zookeeper] degree+strength (0.1s)
      [graph:org.apache:vfs] degree+strength (0.1s)
      [graph:org.apache:httpclient] centralities (igraph) (1.9s)
      [graph:org.apache:httpclient] neighbour windows (0.0s)
      [graph:org.apache:vfs] centralities (igraph) (0.4s)
      [graph:org.apache:vfs] neighbour windows (0.0s)
      [graph:org.apache:zookeeper] centralities (igraph) (0.6s)
      [graph:org.apache:zookeeper] neighbour windows (0.0s)
      [graph:org.apache:bcel] neighbour windows (3.4s)
      [graph:org.apache:cayenne] graph built V=3406 E=2620842 (6.7s)
      [graph:org.apache:cocoon] degree+strength (1.6s)
      [graph:org.apache:archiva] centralities (igraph) (5.6s)
      [graph:org.apache:httpcore] centralities (igraph) (2.4s)
      [graph:org.apache:archiva] neighbour windows (0.0s)
      [graph:org.apache:batik] centralities (igraph) (5.9s)
      [graph:org.apache:httpcore] neighbour windows (0.1s)
      [graph:org.apache:batik] neighbour windows (0.3s)
[Parallel(n_jobs=11)]: Done  16 out of  22 | elapsed:    7.7s remaining:    2.8s
      [graph:org.apache:archiva] graph built V=1671 E=403627 (1.2s)
      [graph:org.apache:archiva] degree+strength (0.4s)
      [graph:org.apache:cayenne] degree+strength (2.4s)
      [graph:org.apache:batik] graph built V=2025 E=1156019 (2.7s)
      [graph:org.apache:batik] degree+strength (1.1s)
      [graph:org.apache:felix] centralities (igraph) (9.0s)
      [graph:org.apache:felix] neighbour windows (0.1s)
      [graph:org.apache:felix] graph built V=5078 E=652975 (1.9s)
      [graph:org.apache:archiva] centralities (igraph) (6.2s)
      [graph:org.apache:archiva] neighbour windows (0.1s)
      [graph:org.apache:felix] degree+strength (0.7s)
      [graph:org.apache:batik] centralities (igraph) (21.5s)
      [graph:org.apache:hive] centralities (igraph) (30.0s)
      [graph:org.apache:hive] neighbour windows (0.3s)
      [graph:org.apache:hive] graph built V=6585 E=1155717 (2.8s)
      [graph:org.apache:hive] degree+strength (1.0s)
      [graph:org.apache:cocoon] centralities (igraph) (32.8s)
      [graph:org.apache:cocoon] neighbour windows (0.2s)
      [graph:org.apache:felix] centralities (igraph) (28.3s)
      [graph:org.apache:felix] neighbour windows (0.1s)
      [graph:org.apache:cocoon] graph built V=3499 E=1974100 (5.7s)
      [graph:org.apache:cocoon] degree+strength (1.8s)
      [graph:org.apache:batik] neighbour windows (15.1s)
      [graph:org.apache:cayenne] centralities (igraph) (80.1s)
      [graph:org.apache:cayenne] neighbour windows (0.0s)
      [graph:org.apache:cayenne] graph built V=4631 E=3726441 (8.1s)
      [graph:org.apache:cayenne] degree+strength (3.4s)
      [graph:org.apache:cocoon] centralities (igraph) (58.4s)
      [graph:org.apache:cocoon] neighbour windows (0.5s)
      [graph:org.apache:hive] centralities (igraph) (71.7s)
      [graph:org.apache:hive] neighbour windows (0.2s)
      [graph:org.apache:cayenne] centralities (igraph) (135.5s)
      [graph:org.apache:cayenne] neighbour windows (0.0s)
[Parallel(n_jobs=11)]: Done  22 out of  22 | elapsed:  4.0min finished
   xgboost               projs=20  F1=0.258  PR_AUC=0.367  MCC=0.217  CE@20=0.443  (238.6s)
[Parallel(n_jobs=11)]: Using backend LokyBackend with 11 concurrent workers.
      [graph:org.apache:bcel] graph built V=445 E=83196 (0.2s)
      [graph:org.apache:bcel] degree+strength (0.1s)
      [graph:org.apache:codec] graph built V=100 E=1894 (0.0s)
      [graph:org.apache:codec] degree+strength (0.0s)
      [graph:org.apache:codec] centralities (igraph) (0.0s)
      [graph:org.apache:codec] neighbour windows (0.0s)
      [graph:org.apache:commons-jelly] graph built V=401 E=36035 (0.1s)
      [graph:org.apache:commons-jelly] degree+strength (0.0s)
      [graph:org.apache:commons-jexl] graph built V=144 E=7205 (0.0s)
      [graph:org.apache:commons-jexl] degree+strength (0.0s)
      [graph:org.apache:commons-jexl] centralities (igraph) (0.0s)
      [graph:org.apache:daemon] graph built V=12 E=55 (0.0s)
      [graph:org.apache:daemon] degree+strength (0.0s)
      [graph:org.apache:daemon] centralities (igraph) (0.0s)
      [graph:org.apache:daemon] neighbour windows (0.0s)
      [graph:org.apache:commons-jexl] neighbour windows (0.1s)
      [graph:org.apache:bcel] centralities (igraph) (0.3s)
      [graph:org.apache:dbcp] graph built V=104 E=4790 (0.1s)
      [graph:org.apache:dbcp] degree+strength (0.0s)
      [graph:org.apache:dbcp] centralities (igraph) (0.0s)
      [graph:org.apache:commons-jelly] centralities (igraph) (0.2s)
      [graph:org.apache:configuration] graph built V=256 E=26604 (0.1s)
      [graph:org.apache:dbcp] neighbour windows (0.0s)
      [graph:org.apache:configuration] degree+strength (0.0s)
      [graph:org.apache:codec] graph built V=136 E=5605 (0.1s)
      [graph:org.apache:codec] degree+strength (0.0s)
      [graph:org.apache:codec] centralities (igraph) (0.0s)
      [graph:org.apache:codec] neighbour windows (0.0s)
      [graph:org.apache:batik] graph built V=1638 E=369435 (0.7s)
      [graph:org.apache:configuration] centralities (igraph) (0.1s)
      [graph:org.apache:configuration] neighbour windows (0.0s)
      [graph:org.apache:daemon] graph built V=18 E=91 (0.0s)
      [graph:org.apache:daemon] degree+strength (0.0s)
      [graph:org.apache:daemon] centralities (igraph) (0.0s)
      [graph:org.apache:daemon] neighbour windows (0.0s)
      [graph:org.apache:commons-jexl] graph built V=222 E=14467 (0.1s)
      [graph:org.apache:commons-jexl] degree+strength (0.0s)
      [graph:org.apache:commons-jelly] neighbour windows (0.3s)
      [graph:org.apache:commons-jexl] centralities (igraph) (0.0s)
      [graph:org.apache:commons-jexl] neighbour windows (0.0s)
      [graph:org.apache:dbcp] graph built V=125 E=6246 (0.1s)
      [graph:org.apache:dbcp] degree+strength (0.0s)
      [graph:org.apache:dbcp] centralities (igraph) (0.0s)
      [graph:org.apache:bcel] neighbour windows (0.4s)
      [graph:org.apache:dbcp] neighbour windows (0.0s)
      [graph:org.apache:archiva] graph built V=1465 E=378599 (1.1s)
      [graph:org.apache:batik] degree+strength (0.4s)
      [graph:org.apache:configuration] graph built V=515 E=38619 (0.2s)
      [graph:org.apache:digester] graph built V=233 E=22353 (0.1s)
[Parallel(n_jobs=11)]: Done   6 out of  22 | elapsed:    1.4s remaining:    4.0s
      [graph:org.apache:configuration] degree+strength (0.0s)
      [graph:org.apache:digester] degree+strength (0.0s)
      [graph:org.apache:digester] centralities (igraph) (0.1s)
      [graph:org.apache:digester] neighbour windows (0.0s)
      [graph:org.apache:commons-jelly] graph built V=487 E=84694 (0.2s)
      [graph:org.apache:configuration] centralities (igraph) (0.2s)
      [graph:org.apache:archiva] degree+strength (0.4s)
      [graph:org.apache:configuration] neighbour windows (0.0s)
      [graph:org.apache:commons-jelly] degree+strength (0.1s)
      [graph:org.apache:digester] graph built V=346 E=39362 (0.2s)
      [graph:org.apache:bcel] graph built V=483 E=112436 (0.5s)
      [graph:org.apache:digester] degree+strength (0.1s)
      [graph:org.apache:bcel] degree+strength (0.1s)
      [graph:org.apache:commons-jelly] centralities (igraph) (0.4s)
      [graph:org.apache:commons-jelly] neighbour windows (0.0s)
      [graph:org.apache:digester] centralities (igraph) (0.2s)
      [graph:org.apache:httpclient] graph built V=568 E=73706 (0.2s)
      [graph:org.apache:httpclient] degree+strength (0.1s)
      [graph:org.apache:httpcore] graph built V=628 E=99639 (0.3s)
      [graph:org.apache:bcel] centralities (igraph) (0.4s)
      [graph:org.apache:httpcore] degree+strength (0.1s)
      [graph:org.apache:httpclient] centralities (igraph) (0.4s)
      [graph:org.apache:net] graph built V=225 E=21286 (0.1s)
      [graph:org.apache:httpclient] neighbour windows (0.0s)
      [graph:org.apache:net] degree+strength (0.0s)
      [graph:org.apache:net] centralities (igraph) (0.0s)
      [graph:org.apache:net] neighbour windows (0.0s)
      [graph:org.apache:digester] neighbour windows (0.8s)
      [graph:org.apache:felix] graph built V=3467 E=315592 (1.4s)
      [graph:org.apache:httpcore] centralities (igraph) (0.6s)
      [graph:org.apache:httpcore] neighbour windows (0.0s)
      [graph:org.apache:net] graph built V=274 E=23367 (0.1s)
      [graph:org.apache:net] degree+strength (0.0s)
      [graph:org.apache:net] centralities (igraph) (0.1s)
      [graph:org.apache:net] neighbour windows (0.0s)
      [graph:org.apache:felix] degree+strength (0.3s)
      [graph:org.apache:thrift] graph built V=165 E=3843 (0.0s)
      [graph:org.apache:thrift] degree+strength (0.0s)
      [graph:org.apache:thrift] centralities (igraph) (0.0s)
      [graph:org.apache:thrift] neighbour windows (0.0s)
      [graph:org.apache:httpclient] graph built V=901 E=167630 (0.5s)
      [graph:org.apache:httpclient] degree+strength (0.2s)
      [graph:org.apache:hive] graph built V=4715 E=564657 (1.6s)
      [graph:org.apache:vfs] graph built V=391 E=58246 (0.2s)
      [graph:org.apache:thrift] graph built V=197 E=3999 (0.0s)
      [graph:org.apache:thrift] degree+strength (0.0s)
      [graph:org.apache:thrift] centralities (igraph) (0.0s)
      [graph:org.apache:vfs] degree+strength (0.0s)
      [graph:org.apache:thrift] neighbour windows (0.0s)
      [graph:org.apache:vfs] centralities (igraph) (0.2s)
      [graph:org.apache:httpcore] graph built V=998 E=213459 (0.7s)
      [graph:org.apache:vfs] neighbour windows (0.0s)
[Parallel(n_jobs=11)]: Done  11 out of  22 | elapsed:    4.3s remaining:    4.3s
      [graph:org.apache:httpcore] degree+strength (0.3s)
      [graph:org.apache:hive] degree+strength (0.7s)
      [graph:org.apache:zookeeper] graph built V=676 E=51478 (0.1s)
      [graph:org.apache:zookeeper] degree+strength (0.1s)
      [graph:org.apache:vfs] graph built V=469 E=78051 (0.3s)
      [graph:org.apache:zookeeper] centralities (igraph) (0.3s)
      [graph:org.apache:vfs] degree+strength (0.1s)
      [graph:org.apache:zookeeper] neighbour windows (0.0s)
      [graph:org.apache:vfs] centralities (igraph) (0.4s)
      [graph:org.apache:vfs] neighbour windows (0.0s)
      [graph:org.apache:cocoon] graph built V=2331 E=1636900 (4.9s)
      [graph:org.apache:zookeeper] graph built V=908 E=59287 (0.2s)
      [graph:org.apache:zookeeper] degree+strength (0.1s)
      [graph:org.apache:httpclient] centralities (igraph) (1.9s)
      [graph:org.apache:httpclient] neighbour windows (0.0s)
      [graph:org.apache:bcel] neighbour windows (3.3s)
      [graph:org.apache:zookeeper] centralities (igraph) (0.6s)
      [graph:org.apache:zookeeper] neighbour windows (0.0s)
      [graph:org.apache:httpcore] centralities (igraph) (2.4s)
      [graph:org.apache:batik] centralities (igraph) (5.5s)
      [graph:org.apache:httpcore] neighbour windows (0.1s)
      [graph:org.apache:cayenne] graph built V=3406 E=2620842 (6.7s)
      [graph:org.apache:batik] neighbour windows (0.3s)
      [graph:org.apache:cocoon] degree+strength (1.8s)
[Parallel(n_jobs=11)]: Done  16 out of  22 | elapsed:    7.3s remaining:    2.7s
      [graph:org.apache:archiva] centralities (igraph) (5.8s)
      [graph:org.apache:archiva] neighbour windows (0.1s)
      [graph:org.apache:archiva] graph built V=1671 E=403627 (1.0s)
      [graph:org.apache:archiva] degree+strength (0.4s)
      [graph:org.apache:cayenne] degree+strength (2.5s)
      [graph:org.apache:batik] graph built V=2025 E=1156019 (2.7s)
      [graph:org.apache:batik] degree+strength (1.0s)
      [graph:org.apache:felix] centralities (igraph) (8.9s)
      [graph:org.apache:felix] neighbour windows (0.1s)
      [graph:org.apache:felix] graph built V=5078 E=652975 (2.4s)
      [graph:org.apache:archiva] centralities (igraph) (6.2s)
      [graph:org.apache:archiva] neighbour windows (0.1s)
      [graph:org.apache:felix] degree+strength (0.7s)
      [graph:org.apache:batik] centralities (igraph) (21.6s)
      [graph:org.apache:hive] centralities (igraph) (30.0s)
      [graph:org.apache:hive] neighbour windows (0.3s)
      [graph:org.apache:hive] graph built V=6585 E=1155717 (2.8s)
      [graph:org.apache:hive] degree+strength (1.2s)
      [graph:org.apache:cocoon] centralities (igraph) (33.1s)
      [graph:org.apache:cocoon] neighbour windows (0.2s)
      [graph:org.apache:felix] centralities (igraph) (28.2s)
      [graph:org.apache:felix] neighbour windows (0.1s)
      [graph:org.apache:cocoon] graph built V=3499 E=1974100 (6.0s)
      [graph:org.apache:batik] neighbour windows (14.4s)
      [graph:org.apache:cocoon] degree+strength (1.5s)
      [graph:org.apache:cayenne] centralities (igraph) (81.3s)
      [graph:org.apache:cayenne] neighbour windows (0.0s)
      [graph:org.apache:cayenne] graph built V=4631 E=3726441 (8.2s)
      [graph:org.apache:cayenne] degree+strength (3.2s)
      [graph:org.apache:cocoon] centralities (igraph) (59.7s)
      [graph:org.apache:cocoon] neighbour windows (0.4s)
      [graph:org.apache:hive] centralities (igraph) (74.5s)
      [graph:org.apache:hive] neighbour windows (0.2s)
      [graph:org.apache:cayenne] centralities (igraph) (134.3s)
      [graph:org.apache:cayenne] neighbour windows (0.0s)
[Parallel(n_jobs=11)]: Done  22 out of  22 | elapsed:  4.0min finished
   lightgbm              projs=20  F1=0.301  PR_AUC=0.374  MCC=0.238  CE@20=0.475  (238.7s)

[Stage 7e] Temporal split summary (mean across projects, T1 -> T2):
              model  precision_mean  recall_mean  f1_mean  roc_auc_mean  pr_auc_mean  mcc_mean  ce_at_20_mean
           lightgbm           0.419        0.294    0.301         0.734        0.374     0.238          0.475
logistic_regression           0.354        0.352    0.247         0.660        0.324     0.169          0.336
      random_forest           0.438        0.123    0.155         0.740        0.388     0.140          0.451
            xgboost           0.457        0.232    0.258         0.719        0.367     0.217          0.443

[Stage 7e] Elapsed: 958.4s
[Stage 7e] Complete.
