[Stage 7b] Models       : ['logistic_regression', 'random_forest', 'xgboost', 'lightgbm']
[Stage 7b] Trials/model : 30 (LR uses grid search)
[Stage 7b] Inner folds  : 5
[Stage 7b] Objective    : PR-AUC (Saito & Rehmsmeier 2015)
[Stage 7b] Dataset      : rows=12,449  feats=27  positives=2126

[Stage 7b] Tuning logistic_regression ...
   best_pr_auc=0.8493  trials=5  method=grid_search  elapsed=4.68s
   best_params: {'C': 100.0}

[Stage 7b] Tuning random_forest ...
   best_pr_auc=0.9400  trials=30  method=optuna_tpe  elapsed=131.36s
   best_params: {'n_estimators': 400, 'max_depth': 21, 'min_samples_split': 5, 'max_features': 'sqrt'}

[Stage 7b] Tuning xgboost ...
   best_pr_auc=0.9453  trials=30  method=optuna_tpe  elapsed=63.61s
   best_params: {'n_estimators': 400, 'max_depth': 8, 'learning_rate': 0.05124306211291101, 'subsample': 0.8686806241102831, 'colsample_bytree': 0.790938208564768}

[Stage 7b] Tuning lightgbm ...
   best_pr_auc=0.9430  trials=30  method=optuna_tpe  elapsed=195.22s
   best_params: {'n_estimators': 350, 'num_leaves': 36, 'learning_rate': 0.04025192252635066, 'min_child_samples': 34, 'feature_fraction': 0.6185801650879991}

[Stage 7b] Wrote C:\Users\maaji\Desktop\technical-debt\results\tables\tuned_hyperparameters.csv
[Stage 7b] Total elapsed: 395.8s
[Stage 7b] Complete.
